#
# There is insufficient memory for the Java Runtime Environment to continue.
# Native memory allocation (malloc) failed to allocate 1312816 bytes. Error detail: Chunk::new
# Possible reasons:
#   The system is out of physical RAM or swap space
#   This process is running with CompressedOops enabled, and the Java Heap may be blocking the growth of the native heap
# Possible solutions:
#   Reduce memory load on the system
#   Increase physical memory or swap space
#   Check if swap backing store is full
#   Decrease Java heap size (-Xmx/-Xms)
#   Decrease number of Java threads
#   Decrease Java thread stack sizes (-Xss)
#   Set larger code cache with -XX:ReservedCodeCacheSize=
#   JVM is running with Unscaled Compressed Oops mode in which the Java heap is
#     placed in the first 4GB address space. The Java Heap base address is the
#     maximum limit for the native heap growth. Please use -XX:HeapBaseMinAddress
#     to set the Java Heap base and to place the Java Heap above 4GB virtual address.
# This output file may be truncated or incomplete.
#
#  Out of Memory Error (arena.cpp:149), pid=19376, tid=8964
#
# JRE version: OpenJDK Runtime Environment Corretto-23.0.2.7.1 (23.0.2+7) (build 23.0.2+7-FR)
# Java VM: OpenJDK 64-Bit Server VM Corretto-23.0.2.7.1 (23.0.2+7-FR, mixed mode, sharing, tiered, compressed oops, compressed class ptrs, g1 gc, windows-amd64)
# No core dump will be written. Minidumps are not enabled by default on client versions of Windows
#

---------------  S U M M A R Y ------------

Command Line: --add-opens=java.base/java.lang=ALL-UNNAMED --add-opens=java.base/java.lang.invoke=ALL-UNNAMED --add-opens=java.base/java.util=ALL-UNNAMED --add-opens=java.prefs/java.util.prefs=ALL-UNNAMED --add-exports=jdk.compiler/com.sun.tools.javac.api=ALL-UNNAMED --add-exports=jdk.compiler/com.sun.tools.javac.util=ALL-UNNAMED --add-opens=java.base/java.util=ALL-UNNAMED --add-opens=java.prefs/java.util.prefs=ALL-UNNAMED --add-opens=java.base/java.nio.charset=ALL-UNNAMED --add-opens=java.base/java.net=ALL-UNNAMED --add-opens=java.base/java.util.concurrent.atomic=ALL-UNNAMED --add-opens=java.xml/javax.xml.namespace=ALL-UNNAMED -XX:MaxMetaspaceSize=384m -XX:+HeapDumpOnOutOfMemoryError -Xms256m -Xmx512m -Dfile.encoding=UTF-8 -Duser.country=IN -Duser.language=en -Duser.variant -javaagent:C:\Users\dell\.gradle\wrapper\dists\gradle-8.14.3-bin\cv11ve7ro1n3o1j4so8xd9n66\gradle-8.14.3\lib\agents\gradle-instrumentation-agent-8.14.3.jar org.gradle.launcher.daemon.bootstrap.GradleDaemon 8.14.3

Host: Intel(R) Core(TM) i5-10310U CPU @ 1.70GHz, 8 cores, 15G,  Windows 11 , 64 bit Build 26100 (10.0.26100.6725)
Time: Mon Nov 10 18:08:33 2025 India Standard Time elapsed time: 34.181573 seconds (0d 0h 0m 34s)

---------------  T H R E A D  ---------------

Current thread (0x000001657ec3a0b0):  JavaThread "C2 CompilerThread0" daemon [_thread_in_native, id=8964, stack(0x0000001efa300000,0x0000001efa400000) (1024K)]


Current CompileTask:
C2:34182 7876 %     4       org.gradle.internal.instantiation.generator.AbstractClassGenerator::inspectType @ 107 (602 bytes)

Stack: [0x0000001efa300000,0x0000001efa400000]
Native frames: (J=compiled Java code, j=interpreted, Vv=VM code, C=native code)
V  [jvm.dll+0x6f3b69]  (no source info available)
V  [jvm.dll+0x8e5d05]  (no source info available)
V  [jvm.dll+0x8e7fbe]  (no source info available)
V  [jvm.dll+0x8e86a3]  (no source info available)
V  [jvm.dll+0x285ee6]  (no source info available)
V  [jvm.dll+0xbd2df]  (no source info available)
V  [jvm.dll+0xbd53b]  (no source info available)
V  [jvm.dll+0x2fc410]  (no source info available)
V  [jvm.dll+0x615747]  (no source info available)
V  [jvm.dll+0x2587b2]  (no source info available)
V  [jvm.dll+0x258b95]  (no source info available)
V  [jvm.dll+0x250feb]  (no source info available)
V  [jvm.dll+0x24e630]  (no source info available)
V  [jvm.dll+0x1cb73a]  (no source info available)
V  [jvm.dll+0x25e6b1]  (no source info available)
V  [jvm.dll+0x25c97b]  (no source info available)
V  [jvm.dll+0x3fd8f6]  (no source info available)
V  [jvm.dll+0x88b4a8]  (no source info available)
V  [jvm.dll+0x6f23a5]  (no source info available)
C  [ucrtbase.dll+0x37b0]  (no source info available)
C  [KERNEL32.DLL+0x2e8d7]  (no source info available)
C  [ntdll.dll+0x8c53c]  (no source info available)

Lock stack of current Java thread (top to bottom):


---------------  P R O C E S S  ---------------

Threads class SMR info:
_java_thread_list=0x0000016536702d20, length=83, elements={
0x000001657b2ae5b0, 0x000001657ec2e8a0, 0x000001657ec30020, 0x000001657ec319a0,
0x000001657ec36420, 0x000001657ec36e80, 0x000001657ec378e0, 0x000001657ec3a0b0,
0x000001657ec3b880, 0x000001651798fb60, 0x0000016517b34040, 0x0000016532934350,
0x00000165179bc000, 0x000001653275d030, 0x0000016517c262b0, 0x0000016517b6fe20,
0x000001653140c590, 0x0000016531407380, 0x00000165179aeb10, 0x00000165179b0550,
0x00000165179addf0, 0x00000165179ad0d0, 0x00000165179af830, 0x00000165179afec0,
0x000001653418e6f0, 0x000001653418b270, 0x000001653418c620, 0x000001653418d340,
0x000001653418b900, 0x000001653418f410, 0x00000165341907c0, 0x0000016534190e50,
0x000001653418e060, 0x0000016534192200, 0x0000016534192890, 0x000001653490b110,
0x000001653490c4c0, 0x000001653490be30, 0x000001653490cb50, 0x000001653490ec20,
0x000001653490d870, 0x000001653490d1e0, 0x000001653490df00, 0x000001653490b7a0,
0x0000016534910cf0, 0x0000016534911380, 0x0000016534911a10, 0x0000016534912730,
0x00000165349120a0, 0x000001653490f2b0, 0x0000016534910660, 0x000001653490f940,
0x000001653490ffd0, 0x0000016533ae1b10, 0x0000016533ae1480, 0x0000016533ae0df0,
0x0000016533ae00d0, 0x0000016533ae2ec0, 0x0000016533ae21a0, 0x0000016533ae3be0,
0x0000016533ae4270, 0x0000016533ae4f90, 0x0000016533ae5620, 0x0000016533ae5cb0,
0x0000016533ae76f0, 0x0000016533ae69d0, 0x0000016533ae7060, 0x0000016536847e20,
0x00000165368456c0, 0x0000016536846a70, 0x0000016536845d50, 0x00000165368463e0,
0x0000016536847790, 0x0000016536847100, 0x00000165368484b0, 0x0000016536845030,
0x0000016536849860, 0x0000016536849ef0, 0x0000016536848b40, 0x000001653684a580,
0x000001653684ac10, 0x00000165368491d0, 0x00000165357e7380
}

Java Threads: ( => current thread )
  0x000001657b2ae5b0 JavaThread "main"                              [_thread_blocked, id=20232, stack(0x0000001ef9500000,0x0000001ef9600000) (1024K)]
  0x000001657ec2e8a0 JavaThread "Reference Handler"          daemon [_thread_blocked, id=16428, stack(0x0000001ef9d00000,0x0000001ef9e00000) (1024K)]
  0x000001657ec30020 JavaThread "Finalizer"                  daemon [_thread_blocked, id=1644, stack(0x0000001ef9e00000,0x0000001ef9f00000) (1024K)]
  0x000001657ec319a0 JavaThread "Signal Dispatcher"          daemon [_thread_blocked, id=8816, stack(0x0000001ef9f00000,0x0000001efa000000) (1024K)]
  0x000001657ec36420 JavaThread "Attach Listener"            daemon [_thread_blocked, id=6876, stack(0x0000001efa000000,0x0000001efa100000) (1024K)]
  0x000001657ec36e80 JavaThread "Service Thread"             daemon [_thread_blocked, id=14980, stack(0x0000001efa100000,0x0000001efa200000) (1024K)]
  0x000001657ec378e0 JavaThread "Monitor Deflation Thread"   daemon [_thread_blocked, id=20472, stack(0x0000001efa200000,0x0000001efa300000) (1024K)]
=>0x000001657ec3a0b0 JavaThread "C2 CompilerThread0"         daemon [_thread_in_native, id=8964, stack(0x0000001efa300000,0x0000001efa400000) (1024K)]
  0x000001657ec3b880 JavaThread "C1 CompilerThread0"         daemon [_thread_blocked, id=4464, stack(0x0000001efa400000,0x0000001efa500000) (1024K)]
  0x000001651798fb60 JavaThread "Common-Cleaner"             daemon [_thread_blocked, id=29296, stack(0x0000001efa500000,0x0000001efa600000) (1024K)]
  0x0000016517b34040 JavaThread "Notification Thread"        daemon [_thread_blocked, id=4064, stack(0x0000001efa700000,0x0000001efa800000) (1024K)]
  0x0000016532934350 JavaThread "Daemon health stats"               [_thread_blocked, id=7748, stack(0x0000001efa600000,0x0000001efa700000) (1024K)]
  0x00000165179bc000 JavaThread "Incoming local TCP Connector on port 62998"        [_thread_in_native, id=29488, stack(0x0000001efa800000,0x0000001efa900000) (1024K)]
  0x000001653275d030 JavaThread "Daemon periodic checks"            [_thread_blocked, id=21800, stack(0x0000001efae00000,0x0000001efaf00000) (1024K)]
  0x0000016517c262b0 JavaThread "Daemon"                            [_thread_blocked, id=23948, stack(0x0000001efaf00000,0x0000001efb000000) (1024K)]
  0x0000016517b6fe20 JavaThread "Handler for socket connection from /127.0.0.1:62998 to /127.0.0.1:63010"        [_thread_in_native, id=11052, stack(0x0000001efb000000,0x0000001efb100000) (1024K)]
  0x000001653140c590 JavaThread "Cancel handler"                    [_thread_blocked, id=26600, stack(0x0000001efb100000,0x0000001efb200000) (1024K)]
  0x0000016531407380 JavaThread "Daemon worker"                     [_thread_in_Java, id=18384, stack(0x0000001efb200000,0x0000001efb300000) (1024K)]
  0x00000165179aeb10 JavaThread "Asynchronous log dispatcher for DefaultDaemonConnection: socket connection from /127.0.0.1:62998 to /127.0.0.1:63010"        [_thread_blocked, id=28180, stack(0x0000001efb300000,0x0000001efb400000) (1024K)]
  0x00000165179b0550 JavaThread "Stdin handler"                     [_thread_blocked, id=11232, stack(0x0000001efb400000,0x0000001efb500000) (1024K)]
  0x00000165179addf0 JavaThread "Daemon client event forwarder"        [_thread_blocked, id=23068, stack(0x0000001efb500000,0x0000001efb600000) (1024K)]
  0x00000165179ad0d0 JavaThread "Cache worker for journal cache (C:\Users\dell\.gradle\caches\journal-1)"        [_thread_blocked, id=23684, stack(0x0000001efb600000,0x0000001efb700000) (1024K)]
  0x00000165179af830 JavaThread "File lock request listener"        [_thread_in_native, id=17736, stack(0x0000001efb700000,0x0000001efb800000) (1024K)]
  0x00000165179afec0 JavaThread "Cache worker for file hash cache (C:\Users\dell\.gradle\caches\8.14.3\fileHashes)"        [_thread_blocked, id=27388, stack(0x0000001efb800000,0x0000001efb900000) (1024K)]
  0x000001653418e6f0 JavaThread "Cache worker for file hash cache (C:\Users\dell\Desktop\books\book-swap\.gradle\8.14.3\fileHashes)"        [_thread_blocked, id=19864, stack(0x0000001efbe00000,0x0000001efbf00000) (1024K)]
  0x000001653418b270 JavaThread "Cache worker for Build Output Cleanup Cache (C:\Users\dell\Desktop\books\book-swap\.gradle\buildOutputCleanup)"        [_thread_blocked, id=6520, stack(0x0000001efbf00000,0x0000001efc000000) (1024K)]
  0x000001653418c620 JavaThread "File watcher server"        daemon [_thread_in_native, id=27244, stack(0x0000001efc000000,0x0000001efc100000) (1024K)]
  0x000001653418d340 JavaThread "File watcher consumer"      daemon [_thread_blocked, id=20708, stack(0x0000001efc100000,0x0000001efc200000) (1024K)]
  0x000001653418b900 JavaThread "jar transforms"                    [_thread_blocked, id=28596, stack(0x0000001efbc00000,0x0000001efbd00000) (1024K)]
  0x000001653418f410 JavaThread "jar transforms Thread 2"           [_thread_blocked, id=17788, stack(0x0000001efc200000,0x0000001efc300000) (1024K)]
  0x00000165341907c0 JavaThread "Cache worker for checksums cache (C:\Users\dell\Desktop\books\book-swap\.gradle\8.14.3\checksums)"        [_thread_blocked, id=16124, stack(0x0000001efc400000,0x0000001efc500000) (1024K)]
  0x0000016534190e50 JavaThread "Cache worker for file content cache (C:\Users\dell\.gradle\caches\8.14.3\fileContent)"        [_thread_blocked, id=28884, stack(0x0000001efc500000,0x0000001efc600000) (1024K)]
  0x000001653418e060 JavaThread "jar transforms Thread 3"           [_thread_blocked, id=20976, stack(0x0000001efc300000,0x0000001efc400000) (1024K)]
  0x0000016534192200 JavaThread "Cache worker for cache directory md-supplier (C:\Users\dell\.gradle\caches\8.14.3\md-supplier)"        [_thread_blocked, id=28080, stack(0x0000001efc700000,0x0000001efc800000) (1024K)]
  0x0000016534192890 JavaThread "Cache worker for cache directory md-rule (C:\Users\dell\.gradle\caches\8.14.3\md-rule)"        [_thread_blocked, id=17180, stack(0x0000001efc800000,0x0000001efc900000) (1024K)]
  0x000001653490b110 JavaThread "Unconstrained build operations"        [_thread_blocked, id=10256, stack(0x0000001efc600000,0x0000001efc700000) (1024K)]
  0x000001653490c4c0 JavaThread "Unconstrained build operations Thread 2"        [_thread_blocked, id=28780, stack(0x0000001efc900000,0x0000001efca00000) (1024K)]
  0x000001653490be30 JavaThread "Unconstrained build operations Thread 3"        [_thread_blocked, id=6760, stack(0x0000001efca00000,0x0000001efcb00000) (1024K)]
  0x000001653490cb50 JavaThread "Unconstrained build operations Thread 4"        [_thread_blocked, id=31100, stack(0x0000001efcb00000,0x0000001efcc00000) (1024K)]
  0x000001653490ec20 JavaThread "Unconstrained build operations Thread 5"        [_thread_blocked, id=10280, stack(0x0000001efcc00000,0x0000001efcd00000) (1024K)]
  0x000001653490d870 JavaThread "Unconstrained build operations Thread 6"        [_thread_blocked, id=12212, stack(0x0000001efcd00000,0x0000001efce00000) (1024K)]
  0x000001653490d1e0 JavaThread "Unconstrained build operations Thread 7"        [_thread_blocked, id=23772, stack(0x0000001efce00000,0x0000001efcf00000) (1024K)]
  0x000001653490df00 JavaThread "Unconstrained build operations Thread 8"        [_thread_blocked, id=30340, stack(0x0000001efcf00000,0x0000001efd000000) (1024K)]
  0x000001653490b7a0 JavaThread "Unconstrained build operations Thread 9"        [_thread_blocked, id=23036, stack(0x0000001efd000000,0x0000001efd100000) (1024K)]
  0x0000016534910cf0 JavaThread "Unconstrained build operations Thread 10"        [_thread_blocked, id=4232, stack(0x0000001efd100000,0x0000001efd200000) (1024K)]
  0x0000016534911380 JavaThread "jar transforms Thread 4"           [_thread_blocked, id=14512, stack(0x0000001efbb00000,0x0000001efbc00000) (1024K)]
  0x0000016534911a10 JavaThread "jar transforms Thread 5"           [_thread_blocked, id=22244, stack(0x0000001efd300000,0x0000001efd400000) (1024K)]
  0x0000016534912730 JavaThread "Unconstrained build operations Thread 11"        [_thread_blocked, id=5740, stack(0x0000001efd400000,0x0000001efd500000) (1024K)]
  0x00000165349120a0 JavaThread "Unconstrained build operations Thread 12"        [_thread_blocked, id=7504, stack(0x0000001efd500000,0x0000001efd600000) (1024K)]
  0x000001653490f2b0 JavaThread "Unconstrained build operations Thread 13"        [_thread_blocked, id=22372, stack(0x0000001efd600000,0x0000001efd700000) (1024K)]
  0x0000016534910660 JavaThread "Unconstrained build operations Thread 14"        [_thread_blocked, id=3840, stack(0x0000001efd700000,0x0000001efd800000) (1024K)]
  0x000001653490f940 JavaThread "Unconstrained build operations Thread 15"        [_thread_blocked, id=8008, stack(0x0000001efd800000,0x0000001efd900000) (1024K)]
  0x000001653490ffd0 JavaThread "jar transforms Thread 6"           [_thread_blocked, id=22944, stack(0x0000001efd900000,0x0000001efda00000) (1024K)]
  0x0000016533ae1b10 JavaThread "jar transforms Thread 7"           [_thread_blocked, id=17264, stack(0x0000001efda00000,0x0000001efdb00000) (1024K)]
  0x0000016533ae1480 JavaThread "Unconstrained build operations Thread 16"        [_thread_blocked, id=16112, stack(0x0000001efdb00000,0x0000001efdc00000) (1024K)]
  0x0000016533ae0df0 JavaThread "Unconstrained build operations Thread 17"        [_thread_blocked, id=20444, stack(0x0000001efdc00000,0x0000001efdd00000) (1024K)]
  0x0000016533ae00d0 JavaThread "Unconstrained build operations Thread 18"        [_thread_blocked, id=21332, stack(0x0000001efdd00000,0x0000001efde00000) (1024K)]
  0x0000016533ae2ec0 JavaThread "Unconstrained build operations Thread 19"        [_thread_blocked, id=28116, stack(0x0000001efde00000,0x0000001efdf00000) (1024K)]
  0x0000016533ae21a0 JavaThread "Unconstrained build operations Thread 20"        [_thread_blocked, id=9756, stack(0x0000001efdf00000,0x0000001efe000000) (1024K)]
  0x0000016533ae3be0 JavaThread "jar transforms Thread 8"           [_thread_blocked, id=25512, stack(0x0000001efe000000,0x0000001efe100000) (1024K)]
  0x0000016533ae4270 JavaThread "Unconstrained build operations Thread 21"        [_thread_blocked, id=27752, stack(0x0000001efd200000,0x0000001efd300000) (1024K)]
  0x0000016533ae4f90 JavaThread "Unconstrained build operations Thread 22"        [_thread_blocked, id=17832, stack(0x0000001efe100000,0x0000001efe200000) (1024K)]
  0x0000016533ae5620 JavaThread "Unconstrained build operations Thread 23"        [_thread_blocked, id=10456, stack(0x0000001efe200000,0x0000001efe300000) (1024K)]
  0x0000016533ae5cb0 JavaThread "Unconstrained build operations Thread 24"        [_thread_blocked, id=21300, stack(0x0000001efe300000,0x0000001efe400000) (1024K)]
  0x0000016533ae76f0 JavaThread "Unconstrained build operations Thread 25"        [_thread_blocked, id=18440, stack(0x0000001efe400000,0x0000001efe500000) (1024K)]
  0x0000016533ae69d0 JavaThread "Unconstrained build operations Thread 26"        [_thread_blocked, id=5272, stack(0x0000001efe500000,0x0000001efe600000) (1024K)]
  0x0000016533ae7060 JavaThread "Unconstrained build operations Thread 27"        [_thread_blocked, id=31204, stack(0x0000001efe600000,0x0000001efe700000) (1024K)]
  0x0000016536847e20 JavaThread "Unconstrained build operations Thread 28"        [_thread_blocked, id=1444, stack(0x0000001efe700000,0x0000001efe800000) (1024K)]
  0x00000165368456c0 JavaThread "Unconstrained build operations Thread 29"        [_thread_blocked, id=19960, stack(0x0000001efe800000,0x0000001efe900000) (1024K)]
  0x0000016536846a70 JavaThread "Unconstrained build operations Thread 30"        [_thread_blocked, id=11672, stack(0x0000001efe900000,0x0000001efea00000) (1024K)]
  0x0000016536845d50 JavaThread "Unconstrained build operations Thread 31"        [_thread_blocked, id=20420, stack(0x0000001efea00000,0x0000001efeb00000) (1024K)]
  0x00000165368463e0 JavaThread "Unconstrained build operations Thread 32"        [_thread_blocked, id=29648, stack(0x0000001efeb00000,0x0000001efec00000) (1024K)]
  0x0000016536847790 JavaThread "Unconstrained build operations Thread 33"        [_thread_blocked, id=29192, stack(0x0000001efec00000,0x0000001efed00000) (1024K)]
  0x0000016536847100 JavaThread "Unconstrained build operations Thread 34"        [_thread_blocked, id=6912, stack(0x0000001efed00000,0x0000001efee00000) (1024K)]
  0x00000165368484b0 JavaThread "Unconstrained build operations Thread 35"        [_thread_blocked, id=18208, stack(0x0000001efee00000,0x0000001efef00000) (1024K)]
  0x0000016536845030 JavaThread "Unconstrained build operations Thread 36"        [_thread_blocked, id=14480, stack(0x0000001efef00000,0x0000001eff000000) (1024K)]
  0x0000016536849860 JavaThread "Unconstrained build operations Thread 37"        [_thread_blocked, id=1476, stack(0x0000001eff000000,0x0000001eff100000) (1024K)]
  0x0000016536849ef0 JavaThread "Unconstrained build operations Thread 38"        [_thread_blocked, id=22960, stack(0x0000001eff100000,0x0000001eff200000) (1024K)]
  0x0000016536848b40 JavaThread "Unconstrained build operations Thread 39"        [_thread_blocked, id=5204, stack(0x0000001eff200000,0x0000001eff300000) (1024K)]
  0x000001653684a580 JavaThread "Unconstrained build operations Thread 40"        [_thread_blocked, id=15460, stack(0x0000001eff300000,0x0000001eff400000) (1024K)]
  0x000001653684ac10 JavaThread "Unconstrained build operations Thread 41"        [_thread_blocked, id=23568, stack(0x0000001eff400000,0x0000001eff500000) (1024K)]
  0x00000165368491d0 JavaThread "Memory manager"                    [_thread_blocked, id=1700, stack(0x0000001eff500000,0x0000001eff600000) (1024K)]
  0x00000165357e7380 JavaThread "C2 CompilerThread1"         daemon [_thread_in_native, id=2436, stack(0x0000001ef9200000,0x0000001ef9300000) (1024K)]
Total: 83

Other Threads:
  0x000001657ec131f0 VMThread "VM Thread"                           [id=30940, stack(0x0000001ef9c00000,0x0000001ef9d00000) (1024K)]
  0x000001657ec02fd0 WatcherThread "VM Periodic Task Thread"        [id=14568, stack(0x0000001ef9b00000,0x0000001ef9c00000) (1024K)]
  0x000001657b2d8100 WorkerThread "GC Thread#0"                     [id=11600, stack(0x0000001ef9600000,0x0000001ef9700000) (1024K)]
  0x00000165312adef0 WorkerThread "GC Thread#1"                     [id=29876, stack(0x0000001efa900000,0x0000001efaa00000) (1024K)]
  0x0000016531450510 WorkerThread "GC Thread#2"                     [id=15064, stack(0x0000001efaa00000,0x0000001efab00000) (1024K)]
  0x000001653155aca0 WorkerThread "GC Thread#3"                     [id=26592, stack(0x0000001efab00000,0x0000001efac00000) (1024K)]
  0x000001653155b050 WorkerThread "GC Thread#4"                     [id=23524, stack(0x0000001efac00000,0x0000001efad00000) (1024K)]
  0x000001653124e9f0 WorkerThread "GC Thread#5"                     [id=18956, stack(0x0000001efad00000,0x0000001efae00000) (1024K)]
  0x0000016531d6d790 WorkerThread "GC Thread#6"                     [id=16940, stack(0x0000001efb900000,0x0000001efba00000) (1024K)]
  0x0000016531d6db40 WorkerThread "GC Thread#7"                     [id=30796, stack(0x0000001efba00000,0x0000001efbb00000) (1024K)]
  0x000001657b2de870 ConcurrentGCThread "G1 Main Marker"            [id=10208, stack(0x0000001ef9700000,0x0000001ef9800000) (1024K)]
  0x000001657b2df290 WorkerThread "G1 Conc#0"                       [id=30776, stack(0x0000001ef9800000,0x0000001ef9900000) (1024K)]
  0x0000016532c18bb0 WorkerThread "G1 Conc#1"                       [id=28816, stack(0x0000001efbd00000,0x0000001efbe00000) (1024K)]
  0x000001657b36e880 ConcurrentGCThread "G1 Refine#0"               [id=7228, stack(0x0000001ef9900000,0x0000001ef9a00000) (1024K)]
  0x000001657ead15c0 ConcurrentGCThread "G1 Service"                [id=400, stack(0x0000001ef9a00000,0x0000001ef9b00000) (1024K)]
Total: 15

Threads with active compile tasks:
C2 CompilerThread0  34372 7876 %     4       org.gradle.internal.instantiation.generator.AbstractClassGenerator::inspectType @ 107 (602 bytes)
C1 CompilerThread0  34372 8037       3       java.lang.Character::isLetter (5 bytes)
C2 CompilerThread1  34372 8016       4       org.objectweb.asm.ClassVisitor::visitMethod (24 bytes)
Total: 3

VM state: not at safepoint (normal execution)

VM Mutex/Monitor currently owned by a thread: None

Heap address: 0x00000000e0000000, size: 512 MB, Compressed Oops mode: 32-bit

CDS archive(s) mapped at: [0x0000016518000000-0x0000016518d70000-0x0000016518d70000), size 14090240, SharedBaseAddress: 0x0000016518000000, ArchiveRelocationMode: 1.
Compressed class space mapped at: 0x0000016519000000-0x000001652d000000, reserved size: 335544320
Narrow klass base: 0x0000016518000000, Narrow klass shift: 0, Narrow klass range: 0x15000000

GC Precious Log:
 CardTable entry size: 512
 Card Set container configuration: InlinePtr #cards 5 size 8 Array Of Cards #cards 10 size 36 Howl #buckets 4 coarsen threshold 1843 Howl Bitmap #cards 512 size 80 coarsen threshold 460 Card regions per heap region 1 cards per card region 2048
 CPUs: 8 total, 8 available
 Memory: 16144M
 Large Page Support: Disabled
 NUMA Support: Disabled
 Compressed Oops: Enabled (32-bit)
 Heap Region Size: 1M
 Heap Min Capacity: 256M
 Heap Initial Capacity: 256M
 Heap Max Capacity: 512M
 Pre-touch: Disabled
 Parallel Workers: 8
 Concurrent Workers: 2
 Concurrent Refinement Workers: 8
 Periodic GC: Disabled

Heap:
 garbage-first heap   total reserved 524288K, committed 262144K, used 71166K [0x00000000e0000000, 0x0000000100000000)
  region size 1024K, 17 young (17408K), 2 survivors (2048K)
 Metaspace       used 58933K, committed 60992K, reserved 393216K
  class space    used 8709K, committed 9664K, reserved 327680K

Heap Regions: E=young(eden), S=young(survivor), O=old, HS=humongous(starts), HC=humongous(continues), CS=collection set, F=free, TAMS=top-at-mark-start, PB=parsable bottom
|   0|0x00000000e0000000, 0x00000000e0100000, 0x00000000e0100000|100%|HS|  |TAMS 0x00000000e0000000| PB 0x00000000e0000000| Complete |  0
|   1|0x00000000e0100000, 0x00000000e0200000, 0x00000000e0200000|100%|HC|  |TAMS 0x00000000e0100000| PB 0x00000000e0100000| Complete |  0
|   2|0x00000000e0200000, 0x00000000e0300000, 0x00000000e0300000|100%|HC|  |TAMS 0x00000000e0200000| PB 0x00000000e0200000| Complete |  0
|   3|0x00000000e0300000, 0x00000000e0400000, 0x00000000e0400000|100%| O|  |TAMS 0x00000000e0300000| PB 0x00000000e0300000| Untracked |  0
|   4|0x00000000e0400000, 0x00000000e0500000, 0x00000000e0500000|100%| O|  |TAMS 0x00000000e0400000| PB 0x00000000e0400000| Untracked |  0
|   5|0x00000000e0500000, 0x00000000e0600000, 0x00000000e0600000|100%| O|  |TAMS 0x00000000e0500000| PB 0x00000000e0500000| Untracked |  0
|   6|0x00000000e0600000, 0x00000000e0700000, 0x00000000e0700000|100%| O|  |TAMS 0x00000000e0600000| PB 0x00000000e0600000| Untracked |  0
|   7|0x00000000e0700000, 0x00000000e0800000, 0x00000000e0800000|100%|HS|  |TAMS 0x00000000e0700000| PB 0x00000000e0700000| Complete |  0
|   8|0x00000000e0800000, 0x00000000e0900000, 0x00000000e0900000|100%| O|  |TAMS 0x00000000e0800000| PB 0x00000000e0800000| Untracked |  0
|   9|0x00000000e0900000, 0x00000000e0a00000, 0x00000000e0a00000|100%| O|  |TAMS 0x00000000e0900000| PB 0x00000000e0900000| Untracked |  0
|  10|0x00000000e0a00000, 0x00000000e0b00000, 0x00000000e0b00000|100%| O|  |TAMS 0x00000000e0a00000| PB 0x00000000e0a00000| Untracked |  0
|  11|0x00000000e0b00000, 0x00000000e0c00000, 0x00000000e0c00000|100%| O|  |TAMS 0x00000000e0b00000| PB 0x00000000e0b00000| Untracked |  0
|  12|0x00000000e0c00000, 0x00000000e0d00000, 0x00000000e0d00000|100%| O|  |TAMS 0x00000000e0c00000| PB 0x00000000e0c00000| Untracked |  0
|  13|0x00000000e0d00000, 0x00000000e0e00000, 0x00000000e0e00000|100%| O|  |TAMS 0x00000000e0d00000| PB 0x00000000e0d00000| Untracked |  0
|  14|0x00000000e0e00000, 0x00000000e0f00000, 0x00000000e0f00000|100%| O|  |TAMS 0x00000000e0e00000| PB 0x00000000e0e00000| Untracked |  0
|  15|0x00000000e0f00000, 0x00000000e1000000, 0x00000000e1000000|100%| O|  |TAMS 0x00000000e0f00000| PB 0x00000000e0f00000| Untracked |  0
|  16|0x00000000e1000000, 0x00000000e1100000, 0x00000000e1100000|100%| O|  |TAMS 0x00000000e1000000| PB 0x00000000e1000000| Untracked |  0
|  17|0x00000000e1100000, 0x00000000e1200000, 0x00000000e1200000|100%| O|  |TAMS 0x00000000e1100000| PB 0x00000000e1100000| Untracked |  0
|  18|0x00000000e1200000, 0x00000000e1300000, 0x00000000e1300000|100%| O|  |TAMS 0x00000000e1200000| PB 0x00000000e1200000| Untracked |  0
|  19|0x00000000e1300000, 0x00000000e1400000, 0x00000000e1400000|100%| O|  |TAMS 0x00000000e1300000| PB 0x00000000e1300000| Untracked |  0
|  20|0x00000000e1400000, 0x00000000e1500000, 0x00000000e1500000|100%| O|  |TAMS 0x00000000e1400000| PB 0x00000000e1400000| Untracked |  0
|  21|0x00000000e1500000, 0x00000000e1600000, 0x00000000e1600000|100%|HS|  |TAMS 0x00000000e1500000| PB 0x00000000e1500000| Complete |  0
|  22|0x00000000e1600000, 0x00000000e1700000, 0x00000000e1700000|100%|HC|  |TAMS 0x00000000e1600000| PB 0x00000000e1600000| Complete |  0
|  23|0x00000000e1700000, 0x00000000e1800000, 0x00000000e1800000|100%| O|  |TAMS 0x00000000e1700000| PB 0x00000000e1700000| Untracked |  0
|  24|0x00000000e1800000, 0x00000000e1900000, 0x00000000e1900000|100%| O|  |TAMS 0x00000000e1800000| PB 0x00000000e1800000| Untracked |  0
|  25|0x00000000e1900000, 0x00000000e1a00000, 0x00000000e1a00000|100%| O|  |TAMS 0x00000000e1900000| PB 0x00000000e1900000| Untracked |  0
|  26|0x00000000e1a00000, 0x00000000e1b00000, 0x00000000e1b00000|100%| O|  |TAMS 0x00000000e1a00000| PB 0x00000000e1a00000| Untracked |  0
|  27|0x00000000e1b00000, 0x00000000e1c00000, 0x00000000e1c00000|100%| O|  |TAMS 0x00000000e1b00000| PB 0x00000000e1b00000| Untracked |  0
|  28|0x00000000e1c00000, 0x00000000e1d00000, 0x00000000e1d00000|100%| O|  |TAMS 0x00000000e1c00000| PB 0x00000000e1c00000| Untracked |  0
|  29|0x00000000e1d00000, 0x00000000e1e00000, 0x00000000e1e00000|100%| O|  |TAMS 0x00000000e1d00000| PB 0x00000000e1d00000| Untracked |  0
|  30|0x00000000e1e00000, 0x00000000e1f00000, 0x00000000e1f00000|100%| O|  |TAMS 0x00000000e1e00000| PB 0x00000000e1e00000| Untracked |  0
|  31|0x00000000e1f00000, 0x00000000e2000000, 0x00000000e2000000|100%| O|  |TAMS 0x00000000e1f00000| PB 0x00000000e1f00000| Untracked |  0
|  32|0x00000000e2000000, 0x00000000e2100000, 0x00000000e2100000|100%| O|  |TAMS 0x00000000e2000000| PB 0x00000000e2000000| Untracked |  0
|  33|0x00000000e2100000, 0x00000000e2200000, 0x00000000e2200000|100%| O|  |TAMS 0x00000000e2100000| PB 0x00000000e2100000| Untracked |  0
|  34|0x00000000e2200000, 0x00000000e2300000, 0x00000000e2300000|100%| O|  |TAMS 0x00000000e2200000| PB 0x00000000e2200000| Untracked |  0
|  35|0x00000000e2300000, 0x00000000e2400000, 0x00000000e2400000|100%| O|  |TAMS 0x00000000e2300000| PB 0x00000000e2300000| Untracked |  0
|  36|0x00000000e2400000, 0x00000000e2500000, 0x00000000e2500000|100%| O|  |TAMS 0x00000000e2400000| PB 0x00000000e2400000| Untracked |  0
|  37|0x00000000e2500000, 0x00000000e2600000, 0x00000000e2600000|100%| O|  |TAMS 0x00000000e2500000| PB 0x00000000e2500000| Untracked |  0
|  38|0x00000000e2600000, 0x00000000e2700000, 0x00000000e2700000|100%| O|  |TAMS 0x00000000e2600000| PB 0x00000000e2600000| Untracked |  0
|  39|0x00000000e2700000, 0x00000000e2800000, 0x00000000e2800000|100%| O|  |TAMS 0x00000000e2700000| PB 0x00000000e2700000| Untracked |  0
|  40|0x00000000e2800000, 0x00000000e2900000, 0x00000000e2900000|100%| O|  |TAMS 0x00000000e2800000| PB 0x00000000e2800000| Untracked |  0
|  41|0x00000000e2900000, 0x00000000e2a00000, 0x00000000e2a00000|100%| O|  |TAMS 0x00000000e2900000| PB 0x00000000e2900000| Untracked |  0
|  42|0x00000000e2a00000, 0x00000000e2b00000, 0x00000000e2b00000|100%| O|  |TAMS 0x00000000e2a00000| PB 0x00000000e2a00000| Untracked |  0
|  43|0x00000000e2b00000, 0x00000000e2c00000, 0x00000000e2c00000|100%| O|Cm|TAMS 0x00000000e2b00000| PB 0x00000000e2b00000| Complete |  0
|  44|0x00000000e2c00000, 0x00000000e2d00000, 0x00000000e2d00000|100%| O|  |TAMS 0x00000000e2c00000| PB 0x00000000e2c00000| Untracked |  0
|  45|0x00000000e2d00000, 0x00000000e2e00000, 0x00000000e2e00000|100%| O|  |TAMS 0x00000000e2d00000| PB 0x00000000e2d00000| Untracked |  0
|  46|0x00000000e2e00000, 0x00000000e2f00000, 0x00000000e2f00000|100%| O|  |TAMS 0x00000000e2e00000| PB 0x00000000e2e00000| Untracked |  0
|  47|0x00000000e2f00000, 0x00000000e3000000, 0x00000000e3000000|100%| O|  |TAMS 0x00000000e2f00000| PB 0x00000000e2f00000| Untracked |  0
|  48|0x00000000e3000000, 0x00000000e3100000, 0x00000000e3100000|100%| O|  |TAMS 0x00000000e3000000| PB 0x00000000e3000000| Untracked |  0
|  49|0x00000000e3100000, 0x00000000e3200000, 0x00000000e3200000|100%| O|  |TAMS 0x00000000e3100000| PB 0x00000000e3100000| Untracked |  0
|  50|0x00000000e3200000, 0x00000000e3300000, 0x00000000e3300000|100%| O|  |TAMS 0x00000000e3200000| PB 0x00000000e3200000| Untracked |  0
|  51|0x00000000e3300000, 0x00000000e3400000, 0x00000000e3400000|100%| O|  |TAMS 0x00000000e3300000| PB 0x00000000e3300000| Untracked |  0
|  52|0x00000000e3400000, 0x00000000e3500000, 0x00000000e3500000|100%| O|  |TAMS 0x00000000e3400000| PB 0x00000000e3400000| Untracked |  0
|  53|0x00000000e3500000, 0x00000000e3600000, 0x00000000e3600000|100%| O|  |TAMS 0x00000000e3500000| PB 0x00000000e3500000| Untracked |  0
|  54|0x00000000e3600000, 0x00000000e3600000, 0x00000000e3700000|  0%| F|  |TAMS 0x00000000e3600000| PB 0x00000000e3600000| Untracked |  0
|  55|0x00000000e3700000, 0x00000000e3700000, 0x00000000e3800000|  0%| F|  |TAMS 0x00000000e3700000| PB 0x00000000e3700000| Untracked |  0
|  56|0x00000000e3800000, 0x00000000e3800000, 0x00000000e3900000|  0%| F|  |TAMS 0x00000000e3800000| PB 0x00000000e3800000| Untracked |  0
|  57|0x00000000e3900000, 0x00000000e3900000, 0x00000000e3a00000|  0%| F|  |TAMS 0x00000000e3900000| PB 0x00000000e3900000| Untracked |  0
|  58|0x00000000e3a00000, 0x00000000e3a00000, 0x00000000e3b00000|  0%| F|  |TAMS 0x00000000e3a00000| PB 0x00000000e3a00000| Untracked |  0
|  59|0x00000000e3b00000, 0x00000000e3b00000, 0x00000000e3c00000|  0%| F|  |TAMS 0x00000000e3b00000| PB 0x00000000e3b00000| Untracked |  0
|  60|0x00000000e3c00000, 0x00000000e3c00000, 0x00000000e3d00000|  0%| F|  |TAMS 0x00000000e3c00000| PB 0x00000000e3c00000| Untracked |  0
|  61|0x00000000e3d00000, 0x00000000e3d00000, 0x00000000e3e00000|  0%| F|  |TAMS 0x00000000e3d00000| PB 0x00000000e3d00000| Untracked |  0
|  62|0x00000000e3e00000, 0x00000000e3e00000, 0x00000000e3f00000|  0%| F|  |TAMS 0x00000000e3e00000| PB 0x00000000e3e00000| Untracked |  0
|  63|0x00000000e3f00000, 0x00000000e3f00000, 0x00000000e4000000|  0%| F|  |TAMS 0x00000000e3f00000| PB 0x00000000e3f00000| Untracked |  0
|  64|0x00000000e4000000, 0x00000000e4000000, 0x00000000e4100000|  0%| F|  |TAMS 0x00000000e4000000| PB 0x00000000e4000000| Untracked |  0
|  65|0x00000000e4100000, 0x00000000e4100000, 0x00000000e4200000|  0%| F|  |TAMS 0x00000000e4100000| PB 0x00000000e4100000| Untracked |  0
|  66|0x00000000e4200000, 0x00000000e4200000, 0x00000000e4300000|  0%| F|  |TAMS 0x00000000e4200000| PB 0x00000000e4200000| Untracked |  0
|  67|0x00000000e4300000, 0x00000000e4300000, 0x00000000e4400000|  0%| F|  |TAMS 0x00000000e4300000| PB 0x00000000e4300000| Untracked |  0
|  68|0x00000000e4400000, 0x00000000e4400000, 0x00000000e4500000|  0%| F|  |TAMS 0x00000000e4400000| PB 0x00000000e4400000| Untracked |  0
|  69|0x00000000e4500000, 0x00000000e4500000, 0x00000000e4600000|  0%| F|  |TAMS 0x00000000e4500000| PB 0x00000000e4500000| Untracked |  0
|  70|0x00000000e4600000, 0x00000000e4600000, 0x00000000e4700000|  0%| F|  |TAMS 0x00000000e4600000| PB 0x00000000e4600000| Untracked |  0
|  71|0x00000000e4700000, 0x00000000e4700000, 0x00000000e4800000|  0%| F|  |TAMS 0x00000000e4700000| PB 0x00000000e4700000| Untracked |  0
|  72|0x00000000e4800000, 0x00000000e4800000, 0x00000000e4900000|  0%| F|  |TAMS 0x00000000e4800000| PB 0x00000000e4800000| Untracked |  0
|  73|0x00000000e4900000, 0x00000000e4900000, 0x00000000e4a00000|  0%| F|  |TAMS 0x00000000e4900000| PB 0x00000000e4900000| Untracked |  0
|  74|0x00000000e4a00000, 0x00000000e4a00000, 0x00000000e4b00000|  0%| F|  |TAMS 0x00000000e4a00000| PB 0x00000000e4a00000| Untracked |  0
|  75|0x00000000e4b00000, 0x00000000e4b00000, 0x00000000e4c00000|  0%| F|  |TAMS 0x00000000e4b00000| PB 0x00000000e4b00000| Untracked |  0
|  76|0x00000000e4c00000, 0x00000000e4c00000, 0x00000000e4d00000|  0%| F|  |TAMS 0x00000000e4c00000| PB 0x00000000e4c00000| Untracked |  0
|  77|0x00000000e4d00000, 0x00000000e4d00000, 0x00000000e4e00000|  0%| F|  |TAMS 0x00000000e4d00000| PB 0x00000000e4d00000| Untracked |  0
|  78|0x00000000e4e00000, 0x00000000e4e00000, 0x00000000e4f00000|  0%| F|  |TAMS 0x00000000e4e00000| PB 0x00000000e4e00000| Untracked |  0
|  79|0x00000000e4f00000, 0x00000000e4f00000, 0x00000000e5000000|  0%| F|  |TAMS 0x00000000e4f00000| PB 0x00000000e4f00000| Untracked |  0
|  80|0x00000000e5000000, 0x00000000e5000000, 0x00000000e5100000|  0%| F|  |TAMS 0x00000000e5000000| PB 0x00000000e5000000| Untracked |  0
|  81|0x00000000e5100000, 0x00000000e5100000, 0x00000000e5200000|  0%| F|  |TAMS 0x00000000e5100000| PB 0x00000000e5100000| Untracked |  0
|  82|0x00000000e5200000, 0x00000000e5200000, 0x00000000e5300000|  0%| F|  |TAMS 0x00000000e5200000| PB 0x00000000e5200000| Untracked |  0
|  83|0x00000000e5300000, 0x00000000e5300000, 0x00000000e5400000|  0%| F|  |TAMS 0x00000000e5300000| PB 0x00000000e5300000| Untracked |  0
|  84|0x00000000e5400000, 0x00000000e5400000, 0x00000000e5500000|  0%| F|  |TAMS 0x00000000e5400000| PB 0x00000000e5400000| Untracked |  0
|  85|0x00000000e5500000, 0x00000000e5500000, 0x00000000e5600000|  0%| F|  |TAMS 0x00000000e5500000| PB 0x00000000e5500000| Untracked |  0
|  86|0x00000000e5600000, 0x00000000e5600000, 0x00000000e5700000|  0%| F|  |TAMS 0x00000000e5600000| PB 0x00000000e5600000| Untracked |  0
|  87|0x00000000e5700000, 0x00000000e5700000, 0x00000000e5800000|  0%| F|  |TAMS 0x00000000e5700000| PB 0x00000000e5700000| Untracked |  0
|  88|0x00000000e5800000, 0x00000000e5800000, 0x00000000e5900000|  0%| F|  |TAMS 0x00000000e5800000| PB 0x00000000e5800000| Untracked |  0
|  89|0x00000000e5900000, 0x00000000e5900000, 0x00000000e5a00000|  0%| F|  |TAMS 0x00000000e5900000| PB 0x00000000e5900000| Untracked |  0
|  90|0x00000000e5a00000, 0x00000000e5a00000, 0x00000000e5b00000|  0%| F|  |TAMS 0x00000000e5a00000| PB 0x00000000e5a00000| Untracked |  0
|  91|0x00000000e5b00000, 0x00000000e5b00000, 0x00000000e5c00000|  0%| F|  |TAMS 0x00000000e5b00000| PB 0x00000000e5b00000| Untracked |  0
|  92|0x00000000e5c00000, 0x00000000e5c00000, 0x00000000e5d00000|  0%| F|  |TAMS 0x00000000e5c00000| PB 0x00000000e5c00000| Untracked |  0
|  93|0x00000000e5d00000, 0x00000000e5d00000, 0x00000000e5e00000|  0%| F|  |TAMS 0x00000000e5d00000| PB 0x00000000e5d00000| Untracked |  0
|  94|0x00000000e5e00000, 0x00000000e5e00000, 0x00000000e5f00000|  0%| F|  |TAMS 0x00000000e5e00000| PB 0x00000000e5e00000| Untracked |  0
|  95|0x00000000e5f00000, 0x00000000e5f00000, 0x00000000e6000000|  0%| F|  |TAMS 0x00000000e5f00000| PB 0x00000000e5f00000| Untracked |  0
|  96|0x00000000e6000000, 0x00000000e6000000, 0x00000000e6100000|  0%| F|  |TAMS 0x00000000e6000000| PB 0x00000000e6000000| Untracked |  0
|  97|0x00000000e6100000, 0x00000000e6100000, 0x00000000e6200000|  0%| F|  |TAMS 0x00000000e6100000| PB 0x00000000e6100000| Untracked |  0
|  98|0x00000000e6200000, 0x00000000e6200000, 0x00000000e6300000|  0%| F|  |TAMS 0x00000000e6200000| PB 0x00000000e6200000| Untracked |  0
|  99|0x00000000e6300000, 0x00000000e6300000, 0x00000000e6400000|  0%| F|  |TAMS 0x00000000e6300000| PB 0x00000000e6300000| Untracked |  0
| 100|0x00000000e6400000, 0x00000000e6400000, 0x00000000e6500000|  0%| F|  |TAMS 0x00000000e6400000| PB 0x00000000e6400000| Untracked |  0
| 101|0x00000000e6500000, 0x00000000e6500000, 0x00000000e6600000|  0%| F|  |TAMS 0x00000000e6500000| PB 0x00000000e6500000| Untracked |  0
| 102|0x00000000e6600000, 0x00000000e6600000, 0x00000000e6700000|  0%| F|  |TAMS 0x00000000e6600000| PB 0x00000000e6600000| Untracked |  0
| 103|0x00000000e6700000, 0x00000000e6700000, 0x00000000e6800000|  0%| F|  |TAMS 0x00000000e6700000| PB 0x00000000e6700000| Untracked |  0
| 104|0x00000000e6800000, 0x00000000e6800000, 0x00000000e6900000|  0%| F|  |TAMS 0x00000000e6800000| PB 0x00000000e6800000| Untracked |  0
| 105|0x00000000e6900000, 0x00000000e6900000, 0x00000000e6a00000|  0%| F|  |TAMS 0x00000000e6900000| PB 0x00000000e6900000| Untracked |  0
| 106|0x00000000e6a00000, 0x00000000e6a00000, 0x00000000e6b00000|  0%| F|  |TAMS 0x00000000e6a00000| PB 0x00000000e6a00000| Untracked |  0
| 107|0x00000000e6b00000, 0x00000000e6b00000, 0x00000000e6c00000|  0%| F|  |TAMS 0x00000000e6b00000| PB 0x00000000e6b00000| Untracked |  0
| 108|0x00000000e6c00000, 0x00000000e6c00000, 0x00000000e6d00000|  0%| F|  |TAMS 0x00000000e6c00000| PB 0x00000000e6c00000| Untracked |  0
| 109|0x00000000e6d00000, 0x00000000e6d00000, 0x00000000e6e00000|  0%| F|  |TAMS 0x00000000e6d00000| PB 0x00000000e6d00000| Untracked |  0
| 110|0x00000000e6e00000, 0x00000000e6e00000, 0x00000000e6f00000|  0%| F|  |TAMS 0x00000000e6e00000| PB 0x00000000e6e00000| Untracked |  0
| 111|0x00000000e6f00000, 0x00000000e6f00000, 0x00000000e7000000|  0%| F|  |TAMS 0x00000000e6f00000| PB 0x00000000e6f00000| Untracked |  0
| 112|0x00000000e7000000, 0x00000000e7000000, 0x00000000e7100000|  0%| F|  |TAMS 0x00000000e7000000| PB 0x00000000e7000000| Untracked |  0
| 113|0x00000000e7100000, 0x00000000e7100000, 0x00000000e7200000|  0%| F|  |TAMS 0x00000000e7100000| PB 0x00000000e7100000| Untracked |  0
| 114|0x00000000e7200000, 0x00000000e7200000, 0x00000000e7300000|  0%| F|  |TAMS 0x00000000e7200000| PB 0x00000000e7200000| Untracked |  0
| 115|0x00000000e7300000, 0x00000000e7300000, 0x00000000e7400000|  0%| F|  |TAMS 0x00000000e7300000| PB 0x00000000e7300000| Untracked |  0
| 116|0x00000000e7400000, 0x00000000e7400000, 0x00000000e7500000|  0%| F|  |TAMS 0x00000000e7400000| PB 0x00000000e7400000| Untracked |  0
| 117|0x00000000e7500000, 0x00000000e7500000, 0x00000000e7600000|  0%| F|  |TAMS 0x00000000e7500000| PB 0x00000000e7500000| Untracked |  0
| 118|0x00000000e7600000, 0x00000000e7600000, 0x00000000e7700000|  0%| F|  |TAMS 0x00000000e7600000| PB 0x00000000e7600000| Untracked |  0
| 119|0x00000000e7700000, 0x00000000e7700000, 0x00000000e7800000|  0%| F|  |TAMS 0x00000000e7700000| PB 0x00000000e7700000| Untracked |  0
| 120|0x00000000e7800000, 0x00000000e7800000, 0x00000000e7900000|  0%| F|  |TAMS 0x00000000e7800000| PB 0x00000000e7800000| Untracked |  0
| 121|0x00000000e7900000, 0x00000000e7900000, 0x00000000e7a00000|  0%| F|  |TAMS 0x00000000e7900000| PB 0x00000000e7900000| Untracked |  0
| 122|0x00000000e7a00000, 0x00000000e7a00000, 0x00000000e7b00000|  0%| F|  |TAMS 0x00000000e7a00000| PB 0x00000000e7a00000| Untracked |  0
| 123|0x00000000e7b00000, 0x00000000e7b00000, 0x00000000e7c00000|  0%| F|  |TAMS 0x00000000e7b00000| PB 0x00000000e7b00000| Untracked |  0
| 124|0x00000000e7c00000, 0x00000000e7c00000, 0x00000000e7d00000|  0%| F|  |TAMS 0x00000000e7c00000| PB 0x00000000e7c00000| Untracked |  0
| 125|0x00000000e7d00000, 0x00000000e7d00000, 0x00000000e7e00000|  0%| F|  |TAMS 0x00000000e7d00000| PB 0x00000000e7d00000| Untracked |  0
| 126|0x00000000e7e00000, 0x00000000e7e00000, 0x00000000e7f00000|  0%| F|  |TAMS 0x00000000e7e00000| PB 0x00000000e7e00000| Untracked |  0
| 127|0x00000000e7f00000, 0x00000000e7f00000, 0x00000000e8000000|  0%| F|  |TAMS 0x00000000e7f00000| PB 0x00000000e7f00000| Untracked |  0
| 128|0x00000000e8000000, 0x00000000e8000000, 0x00000000e8100000|  0%| F|  |TAMS 0x00000000e8000000| PB 0x00000000e8000000| Untracked |  0
| 129|0x00000000e8100000, 0x00000000e8100000, 0x00000000e8200000|  0%| F|  |TAMS 0x00000000e8100000| PB 0x00000000e8100000| Untracked |  0
| 130|0x00000000e8200000, 0x00000000e8200000, 0x00000000e8300000|  0%| F|  |TAMS 0x00000000e8200000| PB 0x00000000e8200000| Untracked |  0
| 131|0x00000000e8300000, 0x00000000e8300000, 0x00000000e8400000|  0%| F|  |TAMS 0x00000000e8300000| PB 0x00000000e8300000| Untracked |  0
| 132|0x00000000e8400000, 0x00000000e8400000, 0x00000000e8500000|  0%| F|  |TAMS 0x00000000e8400000| PB 0x00000000e8400000| Untracked |  0
| 133|0x00000000e8500000, 0x00000000e8500000, 0x00000000e8600000|  0%| F|  |TAMS 0x00000000e8500000| PB 0x00000000e8500000| Untracked |  0
| 134|0x00000000e8600000, 0x00000000e8600000, 0x00000000e8700000|  0%| F|  |TAMS 0x00000000e8600000| PB 0x00000000e8600000| Untracked |  0
| 135|0x00000000e8700000, 0x00000000e8700000, 0x00000000e8800000|  0%| F|  |TAMS 0x00000000e8700000| PB 0x00000000e8700000| Untracked |  0
| 136|0x00000000e8800000, 0x00000000e8800000, 0x00000000e8900000|  0%| F|  |TAMS 0x00000000e8800000| PB 0x00000000e8800000| Untracked |  0
| 137|0x00000000e8900000, 0x00000000e8900000, 0x00000000e8a00000|  0%| F|  |TAMS 0x00000000e8900000| PB 0x00000000e8900000| Untracked |  0
| 138|0x00000000e8a00000, 0x00000000e8a00000, 0x00000000e8b00000|  0%| F|  |TAMS 0x00000000e8a00000| PB 0x00000000e8a00000| Untracked |  0
| 139|0x00000000e8b00000, 0x00000000e8b00000, 0x00000000e8c00000|  0%| F|  |TAMS 0x00000000e8b00000| PB 0x00000000e8b00000| Untracked |  0
| 140|0x00000000e8c00000, 0x00000000e8c00000, 0x00000000e8d00000|  0%| F|  |TAMS 0x00000000e8c00000| PB 0x00000000e8c00000| Untracked |  0
| 141|0x00000000e8d00000, 0x00000000e8d00000, 0x00000000e8e00000|  0%| F|  |TAMS 0x00000000e8d00000| PB 0x00000000e8d00000| Untracked |  0
| 142|0x00000000e8e00000, 0x00000000e8e00000, 0x00000000e8f00000|  0%| F|  |TAMS 0x00000000e8e00000| PB 0x00000000e8e00000| Untracked |  0
| 143|0x00000000e8f00000, 0x00000000e8f00000, 0x00000000e9000000|  0%| F|  |TAMS 0x00000000e8f00000| PB 0x00000000e8f00000| Untracked |  0
| 144|0x00000000e9000000, 0x00000000e9000000, 0x00000000e9100000|  0%| F|  |TAMS 0x00000000e9000000| PB 0x00000000e9000000| Untracked |  0
| 145|0x00000000e9100000, 0x00000000e9100000, 0x00000000e9200000|  0%| F|  |TAMS 0x00000000e9100000| PB 0x00000000e9100000| Untracked |  0
| 146|0x00000000e9200000, 0x00000000e9200000, 0x00000000e9300000|  0%| F|  |TAMS 0x00000000e9200000| PB 0x00000000e9200000| Untracked |  0
| 147|0x00000000e9300000, 0x00000000e9300000, 0x00000000e9400000|  0%| F|  |TAMS 0x00000000e9300000| PB 0x00000000e9300000| Untracked |  0
| 148|0x00000000e9400000, 0x00000000e9400000, 0x00000000e9500000|  0%| F|  |TAMS 0x00000000e9400000| PB 0x00000000e9400000| Untracked |  0
| 149|0x00000000e9500000, 0x00000000e9500000, 0x00000000e9600000|  0%| F|  |TAMS 0x00000000e9500000| PB 0x00000000e9500000| Untracked |  0
| 150|0x00000000e9600000, 0x00000000e9600000, 0x00000000e9700000|  0%| F|  |TAMS 0x00000000e9600000| PB 0x00000000e9600000| Untracked |  0
| 151|0x00000000e9700000, 0x00000000e9700000, 0x00000000e9800000|  0%| F|  |TAMS 0x00000000e9700000| PB 0x00000000e9700000| Untracked |  0
| 152|0x00000000e9800000, 0x00000000e9800000, 0x00000000e9900000|  0%| F|  |TAMS 0x00000000e9800000| PB 0x00000000e9800000| Untracked |  0
| 153|0x00000000e9900000, 0x00000000e9900000, 0x00000000e9a00000|  0%| F|  |TAMS 0x00000000e9900000| PB 0x00000000e9900000| Untracked |  0
| 154|0x00000000e9a00000, 0x00000000e9a00000, 0x00000000e9b00000|  0%| F|  |TAMS 0x00000000e9a00000| PB 0x00000000e9a00000| Untracked |  0
| 155|0x00000000e9b00000, 0x00000000e9b00000, 0x00000000e9c00000|  0%| F|  |TAMS 0x00000000e9b00000| PB 0x00000000e9b00000| Untracked |  0
| 156|0x00000000e9c00000, 0x00000000e9c00000, 0x00000000e9d00000|  0%| F|  |TAMS 0x00000000e9c00000| PB 0x00000000e9c00000| Untracked |  0
| 157|0x00000000e9d00000, 0x00000000e9d00000, 0x00000000e9e00000|  0%| F|  |TAMS 0x00000000e9d00000| PB 0x00000000e9d00000| Untracked |  0
| 158|0x00000000e9e00000, 0x00000000e9e00000, 0x00000000e9f00000|  0%| F|  |TAMS 0x00000000e9e00000| PB 0x00000000e9e00000| Untracked |  0
| 159|0x00000000e9f00000, 0x00000000e9f00000, 0x00000000ea000000|  0%| F|  |TAMS 0x00000000e9f00000| PB 0x00000000e9f00000| Untracked |  0
| 160|0x00000000ea000000, 0x00000000ea000000, 0x00000000ea100000|  0%| F|  |TAMS 0x00000000ea000000| PB 0x00000000ea000000| Untracked |  0
| 161|0x00000000ea100000, 0x00000000ea100000, 0x00000000ea200000|  0%| F|  |TAMS 0x00000000ea100000| PB 0x00000000ea100000| Untracked |  0
| 162|0x00000000ea200000, 0x00000000ea200000, 0x00000000ea300000|  0%| F|  |TAMS 0x00000000ea200000| PB 0x00000000ea200000| Untracked |  0
| 163|0x00000000ea300000, 0x00000000ea300000, 0x00000000ea400000|  0%| F|  |TAMS 0x00000000ea300000| PB 0x00000000ea300000| Untracked |  0
| 164|0x00000000ea400000, 0x00000000ea400000, 0x00000000ea500000|  0%| F|  |TAMS 0x00000000ea400000| PB 0x00000000ea400000| Untracked |  0
| 165|0x00000000ea500000, 0x00000000ea500000, 0x00000000ea600000|  0%| F|  |TAMS 0x00000000ea500000| PB 0x00000000ea500000| Untracked |  0
| 166|0x00000000ea600000, 0x00000000ea600000, 0x00000000ea700000|  0%| F|  |TAMS 0x00000000ea600000| PB 0x00000000ea600000| Untracked |  0
| 167|0x00000000ea700000, 0x00000000ea700000, 0x00000000ea800000|  0%| F|  |TAMS 0x00000000ea700000| PB 0x00000000ea700000| Untracked |  0
| 168|0x00000000ea800000, 0x00000000ea800000, 0x00000000ea900000|  0%| F|  |TAMS 0x00000000ea800000| PB 0x00000000ea800000| Untracked |  0
| 169|0x00000000ea900000, 0x00000000ea900000, 0x00000000eaa00000|  0%| F|  |TAMS 0x00000000ea900000| PB 0x00000000ea900000| Untracked |  0
| 170|0x00000000eaa00000, 0x00000000eaa00000, 0x00000000eab00000|  0%| F|  |TAMS 0x00000000eaa00000| PB 0x00000000eaa00000| Untracked |  0
| 171|0x00000000eab00000, 0x00000000eab00000, 0x00000000eac00000|  0%| F|  |TAMS 0x00000000eab00000| PB 0x00000000eab00000| Untracked |  0
| 172|0x00000000eac00000, 0x00000000eac00000, 0x00000000ead00000|  0%| F|  |TAMS 0x00000000eac00000| PB 0x00000000eac00000| Untracked |  0
| 173|0x00000000ead00000, 0x00000000ead00000, 0x00000000eae00000|  0%| F|  |TAMS 0x00000000ead00000| PB 0x00000000ead00000| Untracked |  0
| 174|0x00000000eae00000, 0x00000000eae00000, 0x00000000eaf00000|  0%| F|  |TAMS 0x00000000eae00000| PB 0x00000000eae00000| Untracked |  0
| 175|0x00000000eaf00000, 0x00000000eaf00000, 0x00000000eb000000|  0%| F|  |TAMS 0x00000000eaf00000| PB 0x00000000eaf00000| Untracked |  0
| 176|0x00000000eb000000, 0x00000000eb000000, 0x00000000eb100000|  0%| F|  |TAMS 0x00000000eb000000| PB 0x00000000eb000000| Untracked |  0
| 177|0x00000000eb100000, 0x00000000eb100000, 0x00000000eb200000|  0%| F|  |TAMS 0x00000000eb100000| PB 0x00000000eb100000| Untracked |  0
| 178|0x00000000eb200000, 0x00000000eb200000, 0x00000000eb300000|  0%| F|  |TAMS 0x00000000eb200000| PB 0x00000000eb200000| Untracked |  0
| 179|0x00000000eb300000, 0x00000000eb300000, 0x00000000eb400000|  0%| F|  |TAMS 0x00000000eb300000| PB 0x00000000eb300000| Untracked |  0
| 180|0x00000000eb400000, 0x00000000eb400000, 0x00000000eb500000|  0%| F|  |TAMS 0x00000000eb400000| PB 0x00000000eb400000| Untracked |  0
| 181|0x00000000eb500000, 0x00000000eb500000, 0x00000000eb600000|  0%| F|  |TAMS 0x00000000eb500000| PB 0x00000000eb500000| Untracked |  0
| 182|0x00000000eb600000, 0x00000000eb600000, 0x00000000eb700000|  0%| F|  |TAMS 0x00000000eb600000| PB 0x00000000eb600000| Untracked |  0
| 183|0x00000000eb700000, 0x00000000eb700000, 0x00000000eb800000|  0%| F|  |TAMS 0x00000000eb700000| PB 0x00000000eb700000| Untracked |  0
| 184|0x00000000eb800000, 0x00000000eb800000, 0x00000000eb900000|  0%| F|  |TAMS 0x00000000eb800000| PB 0x00000000eb800000| Untracked |  0
| 185|0x00000000eb900000, 0x00000000eb900000, 0x00000000eba00000|  0%| F|  |TAMS 0x00000000eb900000| PB 0x00000000eb900000| Untracked |  0
| 186|0x00000000eba00000, 0x00000000eba00000, 0x00000000ebb00000|  0%| F|  |TAMS 0x00000000eba00000| PB 0x00000000eba00000| Untracked |  0
| 187|0x00000000ebb00000, 0x00000000ebb00000, 0x00000000ebc00000|  0%| F|  |TAMS 0x00000000ebb00000| PB 0x00000000ebb00000| Untracked |  0
| 188|0x00000000ebc00000, 0x00000000ebc00000, 0x00000000ebd00000|  0%| F|  |TAMS 0x00000000ebc00000| PB 0x00000000ebc00000| Untracked |  0
| 189|0x00000000ebd00000, 0x00000000ebd00000, 0x00000000ebe00000|  0%| F|  |TAMS 0x00000000ebd00000| PB 0x00000000ebd00000| Untracked |  0
| 190|0x00000000ebe00000, 0x00000000ebe00000, 0x00000000ebf00000|  0%| F|  |TAMS 0x00000000ebe00000| PB 0x00000000ebe00000| Untracked |  0
| 191|0x00000000ebf00000, 0x00000000ebf00000, 0x00000000ec000000|  0%| F|  |TAMS 0x00000000ebf00000| PB 0x00000000ebf00000| Untracked |  0
| 192|0x00000000ec000000, 0x00000000ec000000, 0x00000000ec100000|  0%| F|  |TAMS 0x00000000ec000000| PB 0x00000000ec000000| Untracked |  0
| 193|0x00000000ec100000, 0x00000000ec100000, 0x00000000ec200000|  0%| F|  |TAMS 0x00000000ec100000| PB 0x00000000ec100000| Untracked |  0
| 194|0x00000000ec200000, 0x00000000ec200000, 0x00000000ec300000|  0%| F|  |TAMS 0x00000000ec200000| PB 0x00000000ec200000| Untracked |  0
| 195|0x00000000ec300000, 0x00000000ec300000, 0x00000000ec400000|  0%| F|  |TAMS 0x00000000ec300000| PB 0x00000000ec300000| Untracked |  0
| 196|0x00000000ec400000, 0x00000000ec400000, 0x00000000ec500000|  0%| F|  |TAMS 0x00000000ec400000| PB 0x00000000ec400000| Untracked |  0
| 197|0x00000000ec500000, 0x00000000ec500000, 0x00000000ec600000|  0%| F|  |TAMS 0x00000000ec500000| PB 0x00000000ec500000| Untracked |  0
| 198|0x00000000ec600000, 0x00000000ec600000, 0x00000000ec700000|  0%| F|  |TAMS 0x00000000ec600000| PB 0x00000000ec600000| Untracked |  0
| 199|0x00000000ec700000, 0x00000000ec700000, 0x00000000ec800000|  0%| F|  |TAMS 0x00000000ec700000| PB 0x00000000ec700000| Untracked |  0
| 200|0x00000000ec800000, 0x00000000ec800000, 0x00000000ec900000|  0%| F|  |TAMS 0x00000000ec800000| PB 0x00000000ec800000| Untracked |  0
| 201|0x00000000ec900000, 0x00000000ec900000, 0x00000000eca00000|  0%| F|  |TAMS 0x00000000ec900000| PB 0x00000000ec900000| Untracked |  0
| 202|0x00000000eca00000, 0x00000000eca00000, 0x00000000ecb00000|  0%| F|  |TAMS 0x00000000eca00000| PB 0x00000000eca00000| Untracked |  0
| 203|0x00000000ecb00000, 0x00000000ecb00000, 0x00000000ecc00000|  0%| F|  |TAMS 0x00000000ecb00000| PB 0x00000000ecb00000| Untracked |  0
| 204|0x00000000ecc00000, 0x00000000ecc00000, 0x00000000ecd00000|  0%| F|  |TAMS 0x00000000ecc00000| PB 0x00000000ecc00000| Untracked |  0
| 205|0x00000000ecd00000, 0x00000000ecd00000, 0x00000000ece00000|  0%| F|  |TAMS 0x00000000ecd00000| PB 0x00000000ecd00000| Untracked |  0
| 206|0x00000000ece00000, 0x00000000ece00000, 0x00000000ecf00000|  0%| F|  |TAMS 0x00000000ece00000| PB 0x00000000ece00000| Untracked |  0
| 207|0x00000000ecf00000, 0x00000000ecf00000, 0x00000000ed000000|  0%| F|  |TAMS 0x00000000ecf00000| PB 0x00000000ecf00000| Untracked |  0
| 208|0x00000000ed000000, 0x00000000ed000000, 0x00000000ed100000|  0%| F|  |TAMS 0x00000000ed000000| PB 0x00000000ed000000| Untracked |  0
| 209|0x00000000ed100000, 0x00000000ed100000, 0x00000000ed200000|  0%| F|  |TAMS 0x00000000ed100000| PB 0x00000000ed100000| Untracked |  0
| 210|0x00000000ed200000, 0x00000000ed200000, 0x00000000ed300000|  0%| F|  |TAMS 0x00000000ed200000| PB 0x00000000ed200000| Untracked |  0
| 211|0x00000000ed300000, 0x00000000ed300000, 0x00000000ed400000|  0%| F|  |TAMS 0x00000000ed300000| PB 0x00000000ed300000| Untracked |  0
| 212|0x00000000ed400000, 0x00000000ed400000, 0x00000000ed500000|  0%| F|  |TAMS 0x00000000ed400000| PB 0x00000000ed400000| Untracked |  0
| 213|0x00000000ed500000, 0x00000000ed500000, 0x00000000ed600000|  0%| F|  |TAMS 0x00000000ed500000| PB 0x00000000ed500000| Untracked |  0
| 214|0x00000000ed600000, 0x00000000ed600000, 0x00000000ed700000|  0%| F|  |TAMS 0x00000000ed600000| PB 0x00000000ed600000| Untracked |  0
| 215|0x00000000ed700000, 0x00000000ed700000, 0x00000000ed800000|  0%| F|  |TAMS 0x00000000ed700000| PB 0x00000000ed700000| Untracked |  0
| 216|0x00000000ed800000, 0x00000000ed800000, 0x00000000ed900000|  0%| F|  |TAMS 0x00000000ed800000| PB 0x00000000ed800000| Untracked |  0
| 217|0x00000000ed900000, 0x00000000ed900000, 0x00000000eda00000|  0%| F|  |TAMS 0x00000000ed900000| PB 0x00000000ed900000| Untracked |  0
| 218|0x00000000eda00000, 0x00000000eda00000, 0x00000000edb00000|  0%| F|  |TAMS 0x00000000eda00000| PB 0x00000000eda00000| Untracked |  0
| 219|0x00000000edb00000, 0x00000000edb00000, 0x00000000edc00000|  0%| F|  |TAMS 0x00000000edb00000| PB 0x00000000edb00000| Untracked |  0
| 220|0x00000000edc00000, 0x00000000edc00000, 0x00000000edd00000|  0%| F|  |TAMS 0x00000000edc00000| PB 0x00000000edc00000| Untracked |  0
| 221|0x00000000edd00000, 0x00000000edd00000, 0x00000000ede00000|  0%| F|  |TAMS 0x00000000edd00000| PB 0x00000000edd00000| Untracked |  0
| 222|0x00000000ede00000, 0x00000000ede00000, 0x00000000edf00000|  0%| F|  |TAMS 0x00000000ede00000| PB 0x00000000ede00000| Untracked |  0
| 223|0x00000000edf00000, 0x00000000edf00000, 0x00000000ee000000|  0%| F|  |TAMS 0x00000000edf00000| PB 0x00000000edf00000| Untracked |  0
| 224|0x00000000ee000000, 0x00000000ee000000, 0x00000000ee100000|  0%| F|  |TAMS 0x00000000ee000000| PB 0x00000000ee000000| Untracked |  0
| 225|0x00000000ee100000, 0x00000000ee100000, 0x00000000ee200000|  0%| F|  |TAMS 0x00000000ee100000| PB 0x00000000ee100000| Untracked |  0
| 226|0x00000000ee200000, 0x00000000ee200000, 0x00000000ee300000|  0%| F|  |TAMS 0x00000000ee200000| PB 0x00000000ee200000| Untracked |  0
| 227|0x00000000ee300000, 0x00000000ee300000, 0x00000000ee400000|  0%| F|  |TAMS 0x00000000ee300000| PB 0x00000000ee300000| Untracked |  0
| 228|0x00000000ee400000, 0x00000000ee400000, 0x00000000ee500000|  0%| F|  |TAMS 0x00000000ee400000| PB 0x00000000ee400000| Untracked |  0
| 229|0x00000000ee500000, 0x00000000ee500000, 0x00000000ee600000|  0%| F|  |TAMS 0x00000000ee500000| PB 0x00000000ee500000| Untracked |  0
| 230|0x00000000ee600000, 0x00000000ee600000, 0x00000000ee700000|  0%| F|  |TAMS 0x00000000ee600000| PB 0x00000000ee600000| Untracked |  0
| 231|0x00000000ee700000, 0x00000000ee700000, 0x00000000ee800000|  0%| F|  |TAMS 0x00000000ee700000| PB 0x00000000ee700000| Untracked |  0
| 232|0x00000000ee800000, 0x00000000ee800000, 0x00000000ee900000|  0%| F|  |TAMS 0x00000000ee800000| PB 0x00000000ee800000| Untracked |  0
| 233|0x00000000ee900000, 0x00000000ee900000, 0x00000000eea00000|  0%| F|  |TAMS 0x00000000ee900000| PB 0x00000000ee900000| Untracked |  0
| 234|0x00000000eea00000, 0x00000000eea00000, 0x00000000eeb00000|  0%| F|  |TAMS 0x00000000eea00000| PB 0x00000000eea00000| Untracked |  0
| 235|0x00000000eeb00000, 0x00000000eeb00000, 0x00000000eec00000|  0%| F|  |TAMS 0x00000000eeb00000| PB 0x00000000eeb00000| Untracked |  0
| 236|0x00000000eec00000, 0x00000000eec00000, 0x00000000eed00000|  0%| F|  |TAMS 0x00000000eec00000| PB 0x00000000eec00000| Untracked |  0
| 237|0x00000000eed00000, 0x00000000eed00000, 0x00000000eee00000|  0%| F|  |TAMS 0x00000000eed00000| PB 0x00000000eed00000| Untracked |  0
| 238|0x00000000eee00000, 0x00000000eee80000, 0x00000000eef00000| 50%| E|  |TAMS 0x00000000eee00000| PB 0x00000000eee00000| Complete |  0
| 239|0x00000000eef00000, 0x00000000ef000000, 0x00000000ef000000|100%| E|CS|TAMS 0x00000000eef00000| PB 0x00000000eef00000| Complete |  0
| 240|0x00000000ef000000, 0x00000000ef100000, 0x00000000ef100000|100%| E|CS|TAMS 0x00000000ef000000| PB 0x00000000ef000000| Complete |  0
| 241|0x00000000ef100000, 0x00000000ef200000, 0x00000000ef200000|100%| E|CS|TAMS 0x00000000ef100000| PB 0x00000000ef100000| Complete |  0
| 242|0x00000000ef200000, 0x00000000ef300000, 0x00000000ef300000|100%| E|CS|TAMS 0x00000000ef200000| PB 0x00000000ef200000| Complete |  0
| 243|0x00000000ef300000, 0x00000000ef400000, 0x00000000ef400000|100%| E|CS|TAMS 0x00000000ef300000| PB 0x00000000ef300000| Complete |  0
| 244|0x00000000ef400000, 0x00000000ef500000, 0x00000000ef500000|100%| E|CS|TAMS 0x00000000ef400000| PB 0x00000000ef400000| Complete |  0
| 245|0x00000000ef500000, 0x00000000ef600000, 0x00000000ef600000|100%| E|CS|TAMS 0x00000000ef500000| PB 0x00000000ef500000| Complete |  0
| 246|0x00000000ef600000, 0x00000000ef700000, 0x00000000ef700000|100%| E|CS|TAMS 0x00000000ef600000| PB 0x00000000ef600000| Complete |  0
| 247|0x00000000ef700000, 0x00000000ef800000, 0x00000000ef800000|100%| E|CS|TAMS 0x00000000ef700000| PB 0x00000000ef700000| Complete |  0
| 248|0x00000000ef800000, 0x00000000ef900000, 0x00000000ef900000|100%| E|CS|TAMS 0x00000000ef800000| PB 0x00000000ef800000| Complete |  0
| 249|0x00000000ef900000, 0x00000000ef97fa30, 0x00000000efa00000| 49%| S|CS|TAMS 0x00000000ef900000| PB 0x00000000ef900000| Complete |  0
| 250|0x00000000efa00000, 0x00000000efb00000, 0x00000000efb00000|100%| S|CS|TAMS 0x00000000efa00000| PB 0x00000000efa00000| Complete |  0
| 251|0x00000000efb00000, 0x00000000efc00000, 0x00000000efc00000|100%| E|CS|TAMS 0x00000000efb00000| PB 0x00000000efb00000| Complete |  0
| 252|0x00000000efc00000, 0x00000000efd00000, 0x00000000efd00000|100%| E|CS|TAMS 0x00000000efc00000| PB 0x00000000efc00000| Complete |  0
| 253|0x00000000efd00000, 0x00000000efe00000, 0x00000000efe00000|100%| E|CS|TAMS 0x00000000efd00000| PB 0x00000000efd00000| Complete |  0
| 254|0x00000000efe00000, 0x00000000eff00000, 0x00000000eff00000|100%| E|CS|TAMS 0x00000000efe00000| PB 0x00000000efe00000| Complete |  0
| 255|0x00000000eff00000, 0x00000000f0000000, 0x00000000f0000000|100%| E|CS|TAMS 0x00000000eff00000| PB 0x00000000eff00000| Complete |  0

Card table byte_map: [0x000001657b8b0000,0x000001657b9b0000] _byte_map_base: 0x000001657b1b0000

Marking Bits: (CMBitMap*) 0x000001657b2d8f30
 Bits: [0x000001657b9b0000, 0x000001657c1b0000)

Polling page: 0x00000165790a0000

Metaspace:

Usage:
  Non-class:     49.08 MB used.
      Class:      8.51 MB used.
       Both:     57.59 MB used.

Virtual space:
  Non-class space:       64.00 MB reserved,      50.12 MB ( 78%) committed,  1 nodes.
      Class space:      320.00 MB reserved,       9.44 MB (  3%) committed,  1 nodes.
             Both:      384.00 MB reserved,      59.56 MB ( 16%) committed. 

Chunk freelists:
   Non-Class:  13.75 MB
       Class:  6.59 MB
        Both:  20.34 MB

MaxMetaspaceSize: 384.00 MB
CompressedClassSpaceSize: 320.00 MB
Initial GC threshold: 21.00 MB
Current GC threshold: 97.94 MB
CDS: on
 - commit_granule_bytes: 65536.
 - commit_granule_words: 8192.
 - virtual_space_node_default_size: 8388608.
 - enlarge_chunks_in_place: 1.
 - use_allocation_guard: 0.


Internal statistics:

num_allocs_failed_limit: 9.
num_arena_births: 3562.
num_arena_deaths: 0.
num_vsnodes_births: 2.
num_vsnodes_deaths: 0.
num_space_committed: 953.
num_space_uncommitted: 0.
num_chunks_returned_to_freelist: 9.
num_chunks_taken_from_freelist: 6282.
num_chunk_merges: 9.
num_chunk_splits: 4045.
num_chunks_enlarged: 2473.
num_inconsistent_stats: 0.

CodeHeap 'non-profiled nmethods': size=120064Kb used=3050Kb max_used=3359Kb free=117013Kb
 bounds [0x0000016510390000, 0x00000165106e0000, 0x00000165178d0000]
CodeHeap 'profiled nmethods': size=120000Kb used=10870Kb max_used=11077Kb free=109129Kb
 bounds [0x00000165088d0000, 0x00000165093b0000, 0x000001650fe00000]
CodeHeap 'non-nmethods': size=5696Kb used=2755Kb max_used=2809Kb free=2940Kb
 bounds [0x000001650fe00000, 0x00000165100d0000, 0x0000016510390000]
CodeCache: size=245760Kb, used=16675Kb, max_used=17245Kb, free=229082Kb
 total_blobs=8163, nmethods=7256, adapters=812, full_count=0
Compilation: enabled, stopped_count=0, restarted_count=0

Compilation events (20 events):
Event: 33.154 Thread 0x000001657ec3b880 7979       3       org.codehaus.groovy.reflection.CachedClass$1$$Lambda/0x00000165194f6cd8::apply (12 bytes)
Event: 33.155 Thread 0x000001657ec3b880 nmethod 7979 0x0000016508b1e008 code [0x0000016508b1e140, 0x0000016508b1e5e8]
Event: 33.155 Thread 0x000001657ec3b880 7980       3       org.codehaus.groovy.reflection.CachedField::<init> (18 bytes)
Event: 33.155 Thread 0x000001657ec3b880 nmethod 7980 0x0000016508a8bc08 code [0x0000016508a8bd40, 0x0000016508a8c050]
Event: 33.158 Thread 0x000001657ec3b880 7981       3       java.lang.ClassValue$ClassValueMap::addToCache (92 bytes)
Event: 33.160 Thread 0x000001657ec3b880 nmethod 7981 0x0000016508b1fb88 code [0x0000016508b1fde0, 0x0000016508b21630]
Event: 33.162 Thread 0x000001657ec3b880 7982  s    3       java.util.Hashtable::isEmpty (13 bytes)
Event: 33.162 Thread 0x000001657ec3b880 nmethod 7982 0x0000016508aa0788 code [0x0000016508aa08a0, 0x0000016508aa0b58]
Event: 33.169 Thread 0x000001657ec3b880 7983       3       java.util.concurrent.ConcurrentHashMap::resizeStamp (9 bytes)
Event: 33.169 Thread 0x000001657ec3b880 nmethod 7983 0x0000016508a55a08 code [0x0000016508a55b20, 0x0000016508a55c38]
Event: 33.171 Thread 0x000001657ec3b880 7984       3       java.util.Hashtable$Enumerator::<init> (51 bytes)
Event: 33.171 Thread 0x000001657ec3b880 nmethod 7984 0x0000016508ac1408 code [0x0000016508ac1520, 0x0000016508ac1768]
Event: 33.172 Thread 0x000001657ec3b880 7985       3       java.lang.invoke.DirectMethodHandle$Holder::invokeStatic (17 bytes)
Event: 33.172 Thread 0x000001657ec3b880 nmethod 7985 0x0000016508b9e308 code [0x0000016508b9e440, 0x0000016508b9e930]
Event: 33.173 Thread 0x000001657ec3b880 7986       3       javax.management.ObjectName::setCanonicalName (251 bytes)
Event: 33.174 Thread 0x000001657ec3b880 nmethod 7986 0x000001650899ed88 code [0x000001650899efa0, 0x000001650899fef0]
Event: 33.175 Thread 0x000001657ec3b880 7987       3       javax.management.ObjectName::isPropertyListPattern (17 bytes)
Event: 33.175 Thread 0x000001657ec3b880 nmethod 7987 0x0000016508a61188 code [0x0000016508a612a0, 0x0000016508a61400]
Event: 33.176 Thread 0x000001657ec3b880 7988       3       java.util.concurrent.ThreadPoolExecutor::workerCountOf (5 bytes)
Event: 33.176 Thread 0x000001657ec3b880 nmethod 7988 0x0000016508a63108 code [0x0000016508a63220, 0x0000016508a63318]

GC Heap History (18 events):
Event: 1.396 GC heap before
{Heap before GC invocations=0 (full 0):
 garbage-first heap   total reserved 524288K, committed 262144K, used 23552K [0x00000000e0000000, 0x0000000100000000)
  region size 1024K, 24 young (24576K), 0 survivors (0K)
 Metaspace       used 1086K, committed 1216K, reserved 393216K
  class space    used 78K, committed 128K, reserved 327680K
}
Event: 1.422 GC heap after
{Heap after GC invocations=1 (full 0):
 garbage-first heap   total reserved 524288K, committed 262144K, used 2687K [0x00000000e0000000, 0x0000000100000000)
  region size 1024K, 3 young (3072K), 3 survivors (3072K)
 Metaspace       used 1086K, committed 1216K, reserved 393216K
  class space    used 78K, committed 128K, reserved 327680K
}
Event: 3.033 GC heap before
{Heap before GC invocations=1 (full 0):
 garbage-first heap   total reserved 524288K, committed 262144K, used 29311K [0x00000000e0000000, 0x0000000100000000)
  region size 1024K, 27 young (27648K), 3 survivors (3072K)
 Metaspace       used 4615K, committed 4864K, reserved 393216K
  class space    used 603K, committed 704K, reserved 327680K
}
Event: 3.039 GC heap after
{Heap after GC invocations=2 (full 0):
 garbage-first heap   total reserved 524288K, committed 262144K, used 10872K [0x00000000e0000000, 0x0000000100000000)
  region size 1024K, 4 young (4096K), 4 survivors (4096K)
 Metaspace       used 4615K, committed 4864K, reserved 393216K
  class space    used 603K, committed 704K, reserved 327680K
}
Event: 4.315 GC heap before
{Heap before GC invocations=2 (full 0):
 garbage-first heap   total reserved 524288K, committed 262144K, used 51832K [0x00000000e0000000, 0x0000000100000000)
  region size 1024K, 44 young (45056K), 4 survivors (4096K)
 Metaspace       used 4723K, committed 4928K, reserved 393216K
  class space    used 604K, committed 704K, reserved 327680K
}
Event: 4.320 GC heap after
{Heap after GC invocations=3 (full 0):
 garbage-first heap   total reserved 524288K, committed 262144K, used 13464K [0x00000000e0000000, 0x0000000100000000)
  region size 1024K, 2 young (2048K), 2 survivors (2048K)
 Metaspace       used 4723K, committed 4928K, reserved 393216K
  class space    used 604K, committed 704K, reserved 327680K
}
Event: 8.745 GC heap before
{Heap before GC invocations=3 (full 0):
 garbage-first heap   total reserved 524288K, committed 262144K, used 86168K [0x00000000e0000000, 0x0000000100000000)
  region size 1024K, 73 young (74752K), 2 survivors (2048K)
 Metaspace       used 15983K, committed 16448K, reserved 393216K
  class space    used 2256K, committed 2432K, reserved 327680K
}
Event: 8.769 GC heap after
{Heap after GC invocations=4 (full 0):
 garbage-first heap   total reserved 524288K, committed 262144K, used 21553K [0x00000000e0000000, 0x0000000100000000)
  region size 1024K, 10 young (10240K), 10 survivors (10240K)
 Metaspace       used 15983K, committed 16448K, reserved 393216K
  class space    used 2256K, committed 2432K, reserved 327680K
}
Event: 10.187 GC heap before
{Heap before GC invocations=4 (full 0):
 garbage-first heap   total reserved 524288K, committed 262144K, used 59441K [0x00000000e0000000, 0x0000000100000000)
  region size 1024K, 48 young (49152K), 10 survivors (10240K)
 Metaspace       used 20830K, committed 21504K, reserved 393216K
  class space    used 3120K, committed 3456K, reserved 327680K
}
Event: 10.201 GC heap after
{Heap after GC invocations=5 (full 0):
 garbage-first heap   total reserved 524288K, committed 262144K, used 23950K [0x00000000e0000000, 0x0000000100000000)
  region size 1024K, 3 young (3072K), 3 survivors (3072K)
 Metaspace       used 20830K, committed 21504K, reserved 393216K
  class space    used 3120K, committed 3456K, reserved 327680K
}
Event: 14.079 GC heap before
{Heap before GC invocations=6 (full 0):
 garbage-first heap   total reserved 524288K, committed 262144K, used 136590K [0x00000000e0000000, 0x0000000100000000)
  region size 1024K, 110 young (112640K), 3 survivors (3072K)
 Metaspace       used 34919K, committed 35968K, reserved 393216K
  class space    used 4991K, committed 5504K, reserved 327680K
}
Event: 14.097 GC heap after
{Heap after GC invocations=7 (full 0):
 garbage-first heap   total reserved 524288K, committed 262144K, used 33041K [0x00000000e0000000, 0x0000000100000000)
  region size 1024K, 12 young (12288K), 12 survivors (12288K)
 Metaspace       used 34919K, committed 35968K, reserved 393216K
  class space    used 4991K, committed 5504K, reserved 327680K
}
Event: 19.742 GC heap before
{Heap before GC invocations=8 (full 0):
 garbage-first heap   total reserved 524288K, committed 262144K, used 162065K [0x00000000e0000000, 0x0000000100000000)
  region size 1024K, 136 young (139264K), 12 survivors (12288K)
 Metaspace       used 46922K, committed 48704K, reserved 393216K
  class space    used 6980K, committed 7808K, reserved 327680K
}
Event: 19.767 GC heap after
{Heap after GC invocations=9 (full 0):
 garbage-first heap   total reserved 524288K, committed 262144K, used 45285K [0x00000000e0000000, 0x0000000100000000)
  region size 1024K, 11 young (11264K), 11 survivors (11264K)
 Metaspace       used 46922K, committed 48704K, reserved 393216K
  class space    used 6980K, committed 7808K, reserved 327680K
}
Event: 30.090 GC heap before
{Heap before GC invocations=9 (full 0):
 garbage-first heap   total reserved 524288K, committed 262144K, used 176357K [0x00000000e0000000, 0x0000000100000000)
  region size 1024K, 138 young (141312K), 11 survivors (11264K)
 Metaspace       used 57752K, committed 59776K, reserved 393216K
  class space    used 8503K, committed 9472K, reserved 327680K
}
Event: 30.109 GC heap after
{Heap after GC invocations=10 (full 0):
 garbage-first heap   total reserved 524288K, committed 262144K, used 55189K [0x00000000e0000000, 0x0000000100000000)
  region size 1024K, 12 young (12288K), 12 survivors (12288K)
 Metaspace       used 57752K, committed 59776K, reserved 393216K
  class space    used 8503K, committed 9472K, reserved 327680K
}
Event: 30.279 GC heap before
{Heap before GC invocations=10 (full 0):
 garbage-first heap   total reserved 524288K, committed 262144K, used 59285K [0x00000000e0000000, 0x0000000100000000)
  region size 1024K, 17 young (17408K), 12 survivors (12288K)
 Metaspace       used 58150K, committed 60096K, reserved 393216K
  class space    used 8569K, committed 9472K, reserved 327680K
}
Event: 30.292 GC heap after
{Heap after GC invocations=11 (full 0):
 garbage-first heap   total reserved 524288K, committed 262144K, used 56830K [0x00000000e0000000, 0x0000000100000000)
  region size 1024K, 2 young (2048K), 2 survivors (2048K)
 Metaspace       used 58150K, committed 60096K, reserved 393216K
  class space    used 8569K, committed 9472K, reserved 327680K
}

Dll operation events (15 events):
Event: 0.056 Loaded shared library C:\Users\dell\.jdks\corretto-23.0.2\bin\java.dll
Event: 0.239 Loaded shared library C:\Users\dell\.jdks\corretto-23.0.2\bin\jsvml.dll
Event: 0.366 Loaded shared library C:\Users\dell\.jdks\corretto-23.0.2\bin\zip.dll
Event: 0.374 Loaded shared library C:\Users\dell\.jdks\corretto-23.0.2\bin\instrument.dll
Event: 0.387 Loaded shared library C:\Users\dell\.jdks\corretto-23.0.2\bin\net.dll
Event: 0.394 Loaded shared library C:\Users\dell\.jdks\corretto-23.0.2\bin\nio.dll
Event: 0.403 Loaded shared library C:\Users\dell\.jdks\corretto-23.0.2\bin\zip.dll
Event: 1.137 Loaded shared library C:\Users\dell\.jdks\corretto-23.0.2\bin\jimage.dll
Event: 1.710 Loaded shared library C:\Users\dell\.jdks\corretto-23.0.2\bin\verify.dll
Event: 1.964 Loaded shared library C:\Users\dell\.gradle\native\1def1411415f61bf3af743bc5b6707747c0891f09f0c88961ee8f79bc544acac\windows-amd64\native-platform.dll
Event: 2.165 Loaded shared library C:\Users\dell\.gradle\native\0.2.7\x86_64-windows-gnu\gradle-fileevents.dll
Event: 5.067 Loaded shared library C:\Users\dell\.jdks\corretto-23.0.2\bin\management.dll
Event: 5.079 Loaded shared library C:\Users\dell\.jdks\corretto-23.0.2\bin\management_ext.dll
Event: 5.532 Loaded shared library C:\Users\dell\.jdks\corretto-23.0.2\bin\extnet.dll
Event: 6.386 Loaded shared library C:\Users\dell\.jdks\corretto-23.0.2\bin\sunmscapi.dll

Deoptimization events (20 events):
Event: 26.153 Thread 0x0000016531407380 DEOPT PACKING pc=0x00000165106461d0 sp=0x0000001efb2f2c80
Event: 26.153 Thread 0x0000016531407380 DEOPT UNPACKING pc=0x000001650fe54402 sp=0x0000001efb2f2ba8 mode 2
Event: 26.153 Thread 0x0000016531407380 Uncommon trap: trap_request=0xffffff45 fr.pc=0x000001651061d418 relative=0x0000000000000278
Event: 26.153 Thread 0x0000016531407380 Uncommon trap: reason=unstable_if action=reinterpret pc=0x000001651061d418 method=org.objectweb.asm.Label.resolve([BLorg/objectweb/asm/ByteVector;I)Z @ 81 c2
Event: 26.153 Thread 0x0000016531407380 DEOPT PACKING pc=0x000001651061d418 sp=0x0000001efb2f2c10
Event: 26.153 Thread 0x0000016531407380 DEOPT UNPACKING pc=0x000001650fe54402 sp=0x0000001efb2f2ba0 mode 2
Event: 32.834 Thread 0x0000016531407380 Uncommon trap: trap_request=0xffffffcc fr.pc=0x00000165104133e0 relative=0x0000000000000240
Event: 32.834 Thread 0x0000016531407380 Uncommon trap: reason=intrinsic_or_type_checked_inlining action=make_not_entrant pc=0x00000165104133e0 method=java.util.ArrayList.toArray([Ljava/lang/Object;)[Ljava/lang/Object; @ 36 c2
Event: 32.834 Thread 0x0000016531407380 DEOPT PACKING pc=0x00000165104133e0 sp=0x0000001efb2f7c00
Event: 32.834 Thread 0x0000016531407380 DEOPT UNPACKING pc=0x000001650fe54402 sp=0x0000001efb2f7ba0 mode 2
Event: 32.945 Thread 0x0000016531407380 DEOPT PACKING pc=0x0000016508ed44e4 sp=0x0000001efb2f7fc0
Event: 32.945 Thread 0x0000016531407380 DEOPT UNPACKING pc=0x000001650fe54b22 sp=0x0000001efb2f74a0 mode 0
Event: 33.015 Thread 0x0000016531407380 Uncommon trap: trap_request=0xffffff45 fr.pc=0x00000165104fb584 relative=0x00000000000001e4
Event: 33.015 Thread 0x0000016531407380 Uncommon trap: reason=unstable_if action=reinterpret pc=0x00000165104fb584 method=java.lang.invoke.LambdaFormBuffer.changeName(ILjava/lang/invoke/LambdaForm$Name;)V @ 140 c2
Event: 33.015 Thread 0x0000016531407380 DEOPT PACKING pc=0x00000165104fb584 sp=0x0000001efb2f6d60
Event: 33.015 Thread 0x0000016531407380 DEOPT UNPACKING pc=0x000001650fe54402 sp=0x0000001efb2f6d08 mode 2
Event: 33.170 Thread 0x0000016531407380 Uncommon trap: trap_request=0xffffff45 fr.pc=0x0000016510438b60 relative=0x0000000000000060
Event: 33.170 Thread 0x0000016531407380 Uncommon trap: reason=unstable_if action=reinterpret pc=0x0000016510438b60 method=java.lang.ref.ReferenceQueue.poll()Ljava/lang/ref/Reference; @ 4 c2
Event: 33.170 Thread 0x0000016531407380 DEOPT PACKING pc=0x0000016510438b60 sp=0x0000001efb2f6ee0
Event: 33.171 Thread 0x0000016531407380 DEOPT UNPACKING pc=0x000001650fe54402 sp=0x0000001efb2f6e68 mode 2

Classes loaded (20 events):
Event: 24.410 Loading class com/sun/org/apache/xerces/internal/jaxp/DocumentBuilderFactoryImpl
Event: 24.411 Loading class com/sun/org/apache/xerces/internal/jaxp/DocumentBuilderFactoryImpl done
Event: 24.492 Loading class java/util/regex/Pattern$SliceI
Event: 24.492 Loading class java/util/regex/Pattern$SliceI done
Event: 25.960 Loading class java/lang/Character$UnicodeBlock
Event: 25.962 Loading class java/lang/Character$Subset
Event: 25.963 Loading class java/lang/Character$Subset done
Event: 25.965 Loading class java/lang/Character$UnicodeBlock done
Event: 30.075 Loading class java/io/PrintWriter$1
Event: 30.075 Loading class jdk/internal/access/JavaIOPrintWriterAccess
Event: 30.075 Loading class jdk/internal/access/JavaIOPrintWriterAccess done
Event: 30.076 Loading class java/io/PrintWriter$1 done
Event: 30.138 Loading class java/util/stream/ReduceOps$5
Event: 30.138 Loading class java/util/stream/ReduceOps$5 done
Event: 30.139 Loading class java/util/stream/ReduceOps$CountingSink$OfRef
Event: 30.140 Loading class java/util/stream/ReduceOps$CountingSink
Event: 30.140 Loading class java/util/stream/ReduceOps$CountingSink done
Event: 30.140 Loading class java/util/stream/ReduceOps$CountingSink$OfRef done
Event: 30.249 Loading class java/util/Formatter$FormatSpecifierParser
Event: 30.250 Loading class java/util/Formatter$FormatSpecifierParser done

Classes unloaded (0 events):
No events

Classes redefined (0 events):
No events

Internal exceptions (20 events):
Event: 24.432 Thread 0x0000016531407380 Exception <a 'java/lang/NoSuchMethodError'{0x00000000e9e65df8}: 'java.lang.Object java.lang.invoke.DirectMethodHandle$Holder.invokeSpecial(java.lang.Object, java.lang.Object, java.lang.Object, java.lang.Object, java.lang.Object, java.lang.Object, java.lang.Object, java.lang.Object, java.lang.Object, java.lang.Object, java.lang.Object, java.lang.Object, java.lang.Object, java.lang.Object, java.lang.Object, java.lang.Object, java.lang.Object)'> (0x00000000e9e65df8) 
thrown [s\src\hotspot\share\interpreter\li
Event: 24.433 Thread 0x0000016531407380 Exception <a 'java/lang/NoSuchMethodError'{0x00000000e9e6b730}: 'java.lang.Object java.lang.invoke.DelegatingMethodHandle$Holder.reinvoke_L(java.lang.Object, java.lang.Object, java.lang.Object, java.lang.Object, java.lang.Object, java.lang.Object, java.lang.Object, java.lang.Object, java.lang.Object, java.lang.Object, java.lang.Object, java.lang.Object, java.lang.Object, java.lang.Object, java.lang.Object, java.lang.Object)'> (0x00000000e9e6b730) 
thrown [s\src\hotspot\share\interpreter\linkResolver.cpp, l
Event: 24.558 Thread 0x0000016531407380 Exception <a 'java/lang/NoSuchMethodError'{0x00000000e9a48bf8}: 'void java.lang.invoke.DirectMethodHandle$Holder.invokeVirtual(java.lang.Object, java.lang.Object)'> (0x00000000e9a48bf8) 
thrown [s\src\hotspot\share\interpreter\linkResolver.cpp, line 796]
Event: 25.859 Thread 0x0000016531407380 Exception <a 'java/lang/NoSuchMethodError'{0x00000000e91fd340}: 'java.lang.Object java.lang.invoke.DirectMethodHandle$Holder.newInvokeSpecial(java.lang.Object, java.lang.Object, java.lang.Object, java.lang.Object, java.lang.Object, java.lang.Object, java.lang.Object, java.lang.Object, java.lang.Object, java.lang.Object, java.lang.Object, java.lang.Object, java.lang.Object, java.lang.Object, java.lang.Object, java.lang.Object, java.lang.Object, java.lang.Object, java.lang.Object, java.lang.Object, java.lang
Event: 26.153 Thread 0x0000016531407380 Implicit null exception at 0x00000165106be6e8 to 0x00000165106be7d4
Event: 29.902 Thread 0x0000016531407380 Exception <a 'java/lang/NoClassDefFoundError'{0x00000000e86dc7b0}: org/jetbrains/kotlin/gradle/plugin/KotlinPluginWrapper> (0x00000000e86dc7b0) 
thrown [s\src\hotspot\share\classfile\systemDictionary.cpp, line 302]
Event: 29.943 Thread 0x0000016531407380 Exception <a 'java/lang/NoClassDefFoundError'{0x00000000e86ff4a8}: org/cyclonedx/gradle/CycloneDxPlugin> (0x00000000e86ff4a8) 
thrown [s\src\hotspot\share\classfile\systemDictionary.cpp, line 302]
Event: 29.991 Thread 0x0000016531407380 Exception <a 'java/lang/ClassNotFoundException'{0x00000000e83358a0}: io/spring/gradle/dependencymanagement/internal/dsl/StandardDependencyManagementExtensionBeanInfo> (0x00000000e83358a0) 
thrown [s\src\hotspot\share\classfile\systemDictionary.cpp, line 313]
Event: 29.992 Thread 0x0000016531407380 Exception <a 'java/lang/ClassNotFoundException'{0x00000000e833f4f8}: io/spring/gradle/dependencymanagement/internal/dsl/StandardDependencyManagementExtensionCustomizer> (0x00000000e833f4f8) 
thrown [s\src\hotspot\share\classfile\systemDictionary.cpp, line 313]
Event: 30.173 Thread 0x0000016531407380 Exception <a 'java/lang/ClassNotFoundException'{0x00000000efd2f878}: io/spring/gradle/dependencymanagement/internal/dsl/StandardImportsHandlerBeanInfo> (0x00000000efd2f878) 
thrown [s\src\hotspot\share\classfile\systemDictionary.cpp, line 313]
Event: 30.174 Thread 0x0000016531407380 Exception <a 'java/lang/ClassNotFoundException'{0x00000000efd39560}: io/spring/gradle/dependencymanagement/internal/dsl/StandardImportsHandlerCustomizer> (0x00000000efd39560) 
thrown [s\src\hotspot\share\classfile\systemDictionary.cpp, line 313]
Event: 33.028 Thread 0x0000016531407380 Exception <a 'java/lang/NoSuchMethodError'{0x00000000ef871f90}: 'void java.lang.invoke.DirectMethodHandle$Holder.invokeStatic(java.lang.Object, java.lang.Object, java.lang.Object, java.lang.Object, java.lang.Object, java.lang.Object, java.lang.Object)'> (0x00000000ef871f90) 
thrown [s\src\hotspot\share\interpreter\linkResolver.cpp, line 796]
Event: 33.141 Thread 0x0000016531407380 Exception <a 'java/lang/ClassNotFoundException'{0x00000000ef7fbec8}: org/asciidoctor/gradle/jvm/AsciidoctorJPluginBeanInfo> (0x00000000ef7fbec8) 
thrown [s\src\hotspot\share\classfile\systemDictionary.cpp, line 313]
Event: 33.142 Thread 0x0000016531407380 Exception <a 'java/lang/ClassNotFoundException'{0x00000000ef605868}: org/asciidoctor/gradle/jvm/AsciidoctorJPluginCustomizer> (0x00000000ef605868) 
thrown [s\src\hotspot\share\classfile\systemDictionary.cpp, line 313]
Event: 33.151 Thread 0x0000016531407380 Exception <a 'java/lang/ClassNotFoundException'{0x00000000ef639130}: org/gradle/api/internal/plugins/DefaultObjectConfigurationActionBeanInfo> (0x00000000ef639130) 
thrown [s\src\hotspot\share\classfile\systemDictionary.cpp, line 313]
Event: 33.153 Thread 0x0000016531407380 Exception <a 'java/lang/ClassNotFoundException'{0x00000000ef64a870}: org/gradle/api/internal/plugins/DefaultObjectConfigurationActionCustomizer> (0x00000000ef64a870) 
thrown [s\src\hotspot\share\classfile\systemDictionary.cpp, line 313]
Event: 33.160 Thread 0x0000016531407380 Exception <a 'java/lang/ClassNotFoundException'{0x00000000ef683d38}: org/asciidoctor/gradle/jvm/AsciidoctorJBasePluginBeanInfo> (0x00000000ef683d38) 
thrown [s\src\hotspot\share\classfile\systemDictionary.cpp, line 313]
Event: 33.161 Thread 0x0000016531407380 Exception <a 'java/lang/ClassNotFoundException'{0x00000000ef68e700}: org/asciidoctor/gradle/jvm/AsciidoctorJBasePluginCustomizer> (0x00000000ef68e700) 
thrown [s\src\hotspot\share\classfile\systemDictionary.cpp, line 313]
Event: 33.168 Thread 0x0000016531407380 Exception <a 'java/lang/ClassNotFoundException'{0x00000000ef6c2368}: org/codehaus/groovy/runtime/NullObjectBeanInfo> (0x00000000ef6c2368) 
thrown [s\src\hotspot\share\classfile\systemDictionary.cpp, line 313]
Event: 33.170 Thread 0x0000016531407380 Exception <a 'java/lang/ClassNotFoundException'{0x00000000ef6d69a0}: org/codehaus/groovy/runtime/NullObjectCustomizer> (0x00000000ef6d69a0) 
thrown [s\src\hotspot\share\classfile\systemDictionary.cpp, line 313]

VM Operations (20 events):
Event: 19.591 Executing VM operation: HandshakeAllThreads (Deoptimize)
Event: 19.591 Executing VM operation: HandshakeAllThreads (Deoptimize) done
Event: 19.742 Executing VM operation: G1CollectForAllocation (G1 Evacuation Pause)
Event: 19.767 Executing VM operation: G1CollectForAllocation (G1 Evacuation Pause) done
Event: 20.000 Executing VM operation: HandshakeAllThreads (Deoptimize)
Event: 20.001 Executing VM operation: HandshakeAllThreads (Deoptimize) done
Event: 21.205 Executing VM operation: HandshakeAllThreads (Deoptimize)
Event: 21.205 Executing VM operation: HandshakeAllThreads (Deoptimize) done
Event: 21.343 Executing VM operation: HandshakeAllThreads (Deoptimize)
Event: 21.343 Executing VM operation: HandshakeAllThreads (Deoptimize) done
Event: 24.323 Executing VM operation: HandshakeAllThreads (Deoptimize)
Event: 24.323 Executing VM operation: HandshakeAllThreads (Deoptimize) done
Event: 30.090 Executing VM operation: G1CollectForAllocation (G1 Evacuation Pause)
Event: 30.109 Executing VM operation: G1CollectForAllocation (G1 Evacuation Pause) done
Event: 30.279 Executing VM operation: CollectForMetadataAllocation (Metadata GC Threshold)
Event: 30.292 Executing VM operation: CollectForMetadataAllocation (Metadata GC Threshold) done
Event: 30.356 Executing VM operation: G1PauseRemark
Event: 32.808 Executing VM operation: G1PauseRemark done
Event: 32.831 Executing VM operation: G1PauseCleanup
Event: 32.831 Executing VM operation: G1PauseCleanup done

Memory protections (0 events):
No events

Nmethod flushes (20 events):
Event: 32.807 Thread 0x000001657ec131f0 flushing  nmethod 0x0000016508cbaa88
Event: 32.807 Thread 0x000001657ec131f0 flushing  nmethod 0x0000016508d4ea88
Event: 32.807 Thread 0x000001657ec131f0 flushing  nmethod 0x0000016508db5908
Event: 32.807 Thread 0x000001657ec131f0 flushing  nmethod 0x0000016508e87388
Event: 32.807 Thread 0x000001657ec131f0 flushing  nmethod 0x0000016508e97988
Event: 32.807 Thread 0x000001657ec131f0 flushing  nmethod 0x0000016508e9a888
Event: 32.807 Thread 0x000001657ec131f0 flushing  nmethod 0x0000016508eb5f88
Event: 32.807 Thread 0x000001657ec131f0 flushing  nmethod 0x0000016508eb6288
Event: 32.807 Thread 0x000001657ec131f0 flushing  nmethod 0x0000016508ebbc08
Event: 32.807 Thread 0x000001657ec131f0 flushing  nmethod 0x0000016508ed1b08
Event: 32.807 Thread 0x000001657ec131f0 flushing  nmethod 0x0000016508f0b288
Event: 32.807 Thread 0x000001657ec131f0 flushing  nmethod 0x0000016508f0b688
Event: 32.807 Thread 0x000001657ec131f0 flushing  nmethod 0x0000016508f25288
Event: 32.807 Thread 0x000001657ec131f0 flushing  nmethod 0x0000016508f26008
Event: 32.807 Thread 0x000001657ec131f0 flushing  nmethod 0x0000016508f2d688
Event: 32.807 Thread 0x000001657ec131f0 flushing  nmethod 0x0000016508f2e308
Event: 32.807 Thread 0x000001657ec131f0 flushing  nmethod 0x0000016508f2e908
Event: 32.807 Thread 0x000001657ec131f0 flushing  nmethod 0x0000016508f2f108
Event: 32.807 Thread 0x000001657ec131f0 flushing  nmethod 0x0000016508f37008
Event: 32.807 Thread 0x000001657ec131f0 flushing  nmethod 0x0000016508f39208

Events (20 events):
Event: 22.277 Thread 0x0000016531407380 Thread added: 0x0000016533ae76f0
Event: 22.277 Thread 0x0000016531407380 Thread added: 0x0000016533ae69d0
Event: 22.277 Thread 0x0000016531407380 Thread added: 0x0000016533ae7060
Event: 22.323 Thread 0x0000016531407380 Thread added: 0x0000016536847e20
Event: 22.330 Thread 0x0000016531407380 Thread added: 0x00000165368456c0
Event: 22.335 Thread 0x0000016531407380 Thread added: 0x0000016536846a70
Event: 22.337 Thread 0x0000016531407380 Thread added: 0x0000016536845d50
Event: 22.340 Thread 0x0000016531407380 Thread added: 0x00000165368463e0
Event: 22.346 Thread 0x0000016531407380 Thread added: 0x0000016536847790
Event: 22.353 Thread 0x0000016531407380 Thread added: 0x0000016536847100
Event: 22.642 Thread 0x0000016531407380 Thread added: 0x00000165368484b0
Event: 22.642 Thread 0x0000016531407380 Thread added: 0x0000016536845030
Event: 22.643 Thread 0x0000016531407380 Thread added: 0x0000016536849860
Event: 22.644 Thread 0x0000016531407380 Thread added: 0x0000016536849ef0
Event: 22.645 Thread 0x0000016531407380 Thread added: 0x0000016536848b40
Event: 22.646 Thread 0x0000016531407380 Thread added: 0x000001653684a580
Event: 22.647 Thread 0x0000016531407380 Thread added: 0x000001653684ac10
Event: 24.539 Thread 0x0000016531407380 Thread added: 0x00000165368491d0
Event: 25.873 Thread 0x000001657ec3b880 Thread added: 0x00000165357e4aa0
Event: 26.499 Thread 0x00000165357e4aa0 Thread exited: 0x00000165357e4aa0


Dynamic libraries:
0x00007ff7c1980000 - 0x00007ff7c198e000 	C:\Users\dell\.jdks\corretto-23.0.2\bin\java.exe
0x00007ff854040000 - 0x00007ff8542a8000 	C:\WINDOWS\SYSTEM32\ntdll.dll
0x00007ff852b40000 - 0x00007ff852c09000 	C:\WINDOWS\System32\KERNEL32.DLL
0x00007ff851740000 - 0x00007ff851b32000 	C:\WINDOWS\System32\KERNELBASE.dll
0x00007ff851b40000 - 0x00007ff851c8b000 	C:\WINDOWS\System32\ucrtbase.dll
0x00007ff82fca0000 - 0x00007ff82fcb7000 	C:\Users\dell\.jdks\corretto-23.0.2\bin\jli.dll
0x00007ff851e70000 - 0x00007ff852035000 	C:\WINDOWS\System32\USER32.dll
0x00007ff851290000 - 0x00007ff8512b7000 	C:\WINDOWS\System32\win32u.dll
0x00007ffff53e0000 - 0x00007ffff53fb000 	C:\Users\dell\.jdks\corretto-23.0.2\bin\VCRUNTIME140.dll
0x00007ff852850000 - 0x00007ff85287b000 	C:\WINDOWS\System32\GDI32.dll
0x00007ff83a510000 - 0x00007ff83a7a3000 	C:\WINDOWS\WinSxS\amd64_microsoft.windows.common-controls_6595b64144ccf1df_6.0.26100.6899_none_3e0efeeae32e88c1\COMCTL32.dll
0x00007ff852880000 - 0x00007ff852929000 	C:\WINDOWS\System32\msvcrt.dll
0x00007ff851430000 - 0x00007ff85155d000 	C:\WINDOWS\System32\gdi32full.dll
0x00007ff851690000 - 0x00007ff851733000 	C:\WINDOWS\System32\msvcp_win.dll
0x00007ff851e30000 - 0x00007ff851e5f000 	C:\WINDOWS\System32\IMM32.DLL
0x00007ff82fc90000 - 0x00007ff82fc9c000 	C:\Users\dell\.jdks\corretto-23.0.2\bin\vcruntime140_1.dll
0x00007ffff0d60000 - 0x00007ffff0ded000 	C:\Users\dell\.jdks\corretto-23.0.2\bin\msvcp140.dll
0x00007fffa44e0000 - 0x00007fffa52b8000 	C:\Users\dell\.jdks\corretto-23.0.2\bin\server\jvm.dll
0x00007ff8538c0000 - 0x00007ff853974000 	C:\WINDOWS\System32\ADVAPI32.dll
0x00007ff853c60000 - 0x00007ff853d06000 	C:\WINDOWS\System32\sechost.dll
0x00007ff853db0000 - 0x00007ff853ec8000 	C:\WINDOWS\System32\RPCRT4.dll
0x00007ff852ac0000 - 0x00007ff852b34000 	C:\WINDOWS\System32\WS2_32.dll
0x00007ff851050000 - 0x00007ff8510ae000 	C:\WINDOWS\SYSTEM32\POWRPROF.dll
0x00007ff83a7b0000 - 0x00007ff83a7e5000 	C:\WINDOWS\SYSTEM32\WINMM.dll
0x00007ff8471b0000 - 0x00007ff8471bb000 	C:\WINDOWS\SYSTEM32\VERSION.dll
0x00007ff851030000 - 0x00007ff851044000 	C:\WINDOWS\SYSTEM32\UMPDC.dll
0x00007ff84ff60000 - 0x00007ff84ff7b000 	C:\WINDOWS\SYSTEM32\kernel.appcore.dll
0x00007ff824880000 - 0x00007ff82488a000 	C:\Users\dell\.jdks\corretto-23.0.2\bin\jimage.dll
0x00007ff84b8c0000 - 0x00007ff84bb02000 	C:\WINDOWS\SYSTEM32\DBGHELP.DLL
0x00007ff852040000 - 0x00007ff8523bb000 	C:\WINDOWS\System32\combase.dll
0x00007ff852ff0000 - 0x00007ff8530c7000 	C:\WINDOWS\System32\OLEAUT32.dll
0x00007ff82be90000 - 0x00007ff82becc000 	C:\WINDOWS\SYSTEM32\dbgcore.DLL
0x00007ff8515f0000 - 0x00007ff851688000 	C:\WINDOWS\System32\bcryptPrimitives.dll
0x00007ff824740000 - 0x00007ff82474e000 	C:\Users\dell\.jdks\corretto-23.0.2\bin\instrument.dll
0x00007ffff4c40000 - 0x00007ffff4c5e000 	C:\Users\dell\.jdks\corretto-23.0.2\bin\java.dll
0x00007ff852c60000 - 0x00007ff852df8000 	C:\WINDOWS\System32\ole32.dll
0x00007ff853140000 - 0x00007ff85388d000 	C:\WINDOWS\System32\SHELL32.dll
0x00007ff8512c0000 - 0x00007ff85142b000 	C:\WINDOWS\System32\wintypes.dll
0x00007ff84ede0000 - 0x00007ff84f63d000 	C:\WINDOWS\SYSTEM32\windows.storage.dll
0x00007ff853ae0000 - 0x00007ff853bd2000 	C:\WINDOWS\System32\SHCORE.dll
0x00007ff8530d0000 - 0x00007ff853132000 	C:\WINDOWS\System32\shlwapi.dll
0x00007ff8510f0000 - 0x00007ff851119000 	C:\WINDOWS\SYSTEM32\profapi.dll
0x00007fffa82c0000 - 0x00007fffa8397000 	C:\Users\dell\.jdks\corretto-23.0.2\bin\jsvml.dll
0x00007ffff4020000 - 0x00007ffff4037000 	C:\Users\dell\.jdks\corretto-23.0.2\bin\zip.dll
0x00007ff824520000 - 0x00007ff824530000 	C:\Users\dell\.jdks\corretto-23.0.2\bin\net.dll
0x00007ff8504b0000 - 0x00007ff85051b000 	C:\WINDOWS\system32\mswsock.dll
0x00007ffff4000000 - 0x00007ffff4016000 	C:\Users\dell\.jdks\corretto-23.0.2\bin\nio.dll
0x00007ff823d50000 - 0x00007ff823d60000 	C:\Users\dell\.jdks\corretto-23.0.2\bin\verify.dll
0x00007ff8400b0000 - 0x00007ff8400d7000 	C:\Users\dell\.gradle\native\1def1411415f61bf3af743bc5b6707747c0891f09f0c88961ee8f79bc544acac\windows-amd64\native-platform.dll
0x00007ffff0ce0000 - 0x00007ffff0d58000 	C:\Users\dell\.gradle\native\0.2.7\x86_64-windows-gnu\gradle-fileevents.dll
0x00007ff8232f0000 - 0x00007ff8232f9000 	C:\Users\dell\.jdks\corretto-23.0.2\bin\management.dll
0x00007ff822130000 - 0x00007ff82213b000 	C:\Users\dell\.jdks\corretto-23.0.2\bin\management_ext.dll
0x00007ff853d10000 - 0x00007ff853d18000 	C:\WINDOWS\System32\PSAPI.DLL
0x00007ff84f900000 - 0x00007ff84f934000 	C:\WINDOWS\SYSTEM32\IPHLPAPI.DLL
0x00007ff853ed0000 - 0x00007ff853eda000 	C:\WINDOWS\System32\NSI.dll
0x00007ff821ea0000 - 0x00007ff821ea9000 	C:\Users\dell\.jdks\corretto-23.0.2\bin\extnet.dll
0x00007ff850890000 - 0x00007ff8508ab000 	C:\WINDOWS\SYSTEM32\CRYPTSP.dll
0x00007ff84fec0000 - 0x00007ff84fefb000 	C:\WINDOWS\system32\rsaenh.dll
0x00007ff850550000 - 0x00007ff85057b000 	C:\WINDOWS\SYSTEM32\USERENV.dll
0x00007ff8510c0000 - 0x00007ff8510e6000 	C:\WINDOWS\SYSTEM32\bcrypt.dll
0x00007ff850870000 - 0x00007ff85087c000 	C:\WINDOWS\SYSTEM32\CRYPTBASE.dll
0x00007ff81e920000 - 0x00007ff81e92e000 	C:\Users\dell\.jdks\corretto-23.0.2\bin\sunmscapi.dll
0x00007ff851c90000 - 0x00007ff851e07000 	C:\WINDOWS\System32\CRYPT32.dll
0x00007ff8509e0000 - 0x00007ff850a10000 	C:\WINDOWS\SYSTEM32\ncrypt.dll
0x00007ff850990000 - 0x00007ff8509cf000 	C:\WINDOWS\SYSTEM32\NTASN1.dll
0x00007ff82fd20000 - 0x00007ff82fd28000 	C:\WINDOWS\system32\wshunix.dll

dbghelp: loaded successfully - version: 4.0.5 - missing functions: none
symbol engine: initialized successfully - sym options: 0x614 - pdb path: .;C:\Users\dell\.jdks\corretto-23.0.2\bin;C:\WINDOWS\SYSTEM32;C:\WINDOWS\WinSxS\amd64_microsoft.windows.common-controls_6595b64144ccf1df_6.0.26100.6899_none_3e0efeeae32e88c1;C:\Users\dell\.jdks\corretto-23.0.2\bin\server;C:\Users\dell\.gradle\native\1def1411415f61bf3af743bc5b6707747c0891f09f0c88961ee8f79bc544acac\windows-amd64;C:\Users\dell\.gradle\native\0.2.7\x86_64-windows-gnu

VM Arguments:
jvm_args: --add-opens=java.base/java.lang=ALL-UNNAMED --add-opens=java.base/java.lang.invoke=ALL-UNNAMED --add-opens=java.base/java.util=ALL-UNNAMED --add-opens=java.prefs/java.util.prefs=ALL-UNNAMED --add-exports=jdk.compiler/com.sun.tools.javac.api=ALL-UNNAMED --add-exports=jdk.compiler/com.sun.tools.javac.util=ALL-UNNAMED --add-opens=java.base/java.util=ALL-UNNAMED --add-opens=java.prefs/java.util.prefs=ALL-UNNAMED --add-opens=java.base/java.nio.charset=ALL-UNNAMED --add-opens=java.base/java.net=ALL-UNNAMED --add-opens=java.base/java.util.concurrent.atomic=ALL-UNNAMED --add-opens=java.xml/javax.xml.namespace=ALL-UNNAMED -XX:MaxMetaspaceSize=384m -XX:+HeapDumpOnOutOfMemoryError -Xms256m -Xmx512m -Dfile.encoding=UTF-8 -Duser.country=IN -Duser.language=en -Duser.variant -javaagent:C:\Users\dell\.gradle\wrapper\dists\gradle-8.14.3-bin\cv11ve7ro1n3o1j4so8xd9n66\gradle-8.14.3\lib\agents\gradle-instrumentation-agent-8.14.3.jar 
java_command: org.gradle.launcher.daemon.bootstrap.GradleDaemon 8.14.3
java_class_path (initial): C:\Users\dell\.gradle\wrapper\dists\gradle-8.14.3-bin\cv11ve7ro1n3o1j4so8xd9n66\gradle-8.14.3\lib\gradle-daemon-main-8.14.3.jar
Launcher Type: SUN_STANDARD

[Global flags]
     intx CICompilerCount                          = 4                                         {product} {ergonomic}
   size_t CompressedClassSpaceSize                 = 335544320                                 {product} {ergonomic}
     uint ConcGCThreads                            = 2                                         {product} {ergonomic}
     uint G1ConcRefinementThreads                  = 8                                         {product} {ergonomic}
   size_t G1HeapRegionSize                         = 1048576                                   {product} {ergonomic}
     bool HeapDumpOnOutOfMemoryError               = true                                   {manageable} {command line}
   size_t InitialHeapSize                          = 268435456                                 {product} {command line}
   size_t MarkStackSize                            = 4194304                                   {product} {ergonomic}
   size_t MarkStackSizeMax                         = 536870912                                 {product} {ergonomic}
   size_t MaxHeapSize                              = 536870912                                 {product} {command line}
   size_t MaxMetaspaceSize                         = 402653184                                 {product} {command line}
   size_t MaxNewSize                               = 321912832                                 {product} {ergonomic}
   size_t MinHeapDeltaBytes                        = 1048576                                   {product} {ergonomic}
   size_t MinHeapSize                              = 268435456                                 {product} {command line}
    uintx NonNMethodCodeHeapSize                   = 5832704                                {pd product} {ergonomic}
    uintx NonProfiledCodeHeapSize                  = 122945536                              {pd product} {ergonomic}
    uintx ProfiledCodeHeapSize                     = 122880000                              {pd product} {ergonomic}
    uintx ReservedCodeCacheSize                    = 251658240                              {pd product} {ergonomic}
     bool SegmentedCodeCache                       = true                                      {product} {ergonomic}
   size_t SoftMaxHeapSize                          = 536870912                              {manageable} {ergonomic}
     bool UseCompressedOops                        = true                           {product lp64_product} {ergonomic}
     bool UseG1GC                                  = true                                      {product} {ergonomic}
     bool UseLargePagesIndividualAllocation        = false                                  {pd product} {ergonomic}

Logging:
Log output configuration:
 #0: stdout all=warning uptime,level,tags foldmultilines=false
 #1: stderr all=off uptime,level,tags foldmultilines=false

Environment Variables:
JAVA_HOME=C:\Program Files\Java\jdk-17
PATH=C:\Program Files\Common Files\Oracle\Java\javapath;C:\Python313\Scripts\;C:\Python313\;C:\WINDOWS\system32;C:\WINDOWS;C:\WINDOWS\System32\Wbem;C:\WINDOWS\System32\WindowsPowerShell\v1.0\;C:\WINDOWS\System32\OpenSSH\;C:\Program Files\nodejs\;C:\ProgramData\chocolatey\bin;C:\Program Files\Git\cmd;C:\Program Files\Redis\;C:\Program Files\Java\jdk-17;C:\Windows\system32;C:\Windows;C:\Windows\System32\Wbem;C:\Windows\System32\WindowsPowerShell\v1.0\;C:\Windows\System32\OpenSSH\;C:\Users\dell\AppData\Local\Microsoft\WindowsApps;C:\Users\dell\AppData\Local\Programs\Microsoft VS Code\bin;C:\Users\dell\AppData\Roaming\npm;C:\Users\dell\AppData\Local\Android\Sdk\platform-tools;C:\Users\dell\AppData\Local\Android\Sdk\tools;C:\Users\dell\AppData\Local\Android\Sdk\tools\bin;C:\Users\dell\AppData\Local\Microsoft\WindowsApps;C:\Program Files\Java\jdk-17\bin
USERNAME=dell
OS=Windows_NT
PROCESSOR_IDENTIFIER=Intel64 Family 6 Model 142 Stepping 12, GenuineIntel
TMP=C:\Users\dell\AppData\Local\Temp
TEMP=C:\Users\dell\AppData\Local\Temp




Periodic native trim disabled

---------------  S Y S T E M  ---------------

OS:
 Windows 11 , 64 bit Build 26100 (10.0.26100.6725)
OS uptime: 3 days 21:44 hours
Hyper-V role detected

CPU: total 8 (initial active 8) (4 cores per cpu, 2 threads per core) family 6 model 142 stepping 12 microcode 0xfc, cx8, cmov, fxsr, ht, mmx, 3dnowpref, sse, sse2, sse3, ssse3, sse4.1, sse4.2, popcnt, lzcnt, tsc, tscinvbit, avx, avx2, aes, erms, clmul, bmi1, bmi2, adx, fma, vzeroupper, clflush, clflushopt, hv, rdtscp, f16c
Processor Information for the first 8 processors :
  Max Mhz: 2208, Current Mhz: 1706, Mhz Limit: 1700

Memory: 4k page, system-wide physical 16144M (529M free)
TotalPageFile size 46535M (AvailPageFile size 6M)
current process WorkingSet (physical memory assigned to process): 400M, peak: 400M
current process commit charge ("private bytes"): 499M, peak: 500M

vm_info: OpenJDK 64-Bit Server VM (23.0.2+7-FR) for windows-amd64 JRE (23.0.2+7-FR), built on 2025-01-07T22:59:58Z with MS VC++ 16.10 / 16.11 (VS2019)

END.
